// Jest Snapshot v1, https://goo.gl/fbAQLP

exports[`<JvmDetailsCard /> renders correctly 1`] = `
<div
  className="draggable-ref-wrapper"
  onDragStart={[Function]}
  onTransitionEnd={[Function]}
  style={Object {}}
>
  <div
    className="dashboard-card-resizable-wrapper"
  >
    <article
      className="pf-c-card pf-m-compact pf-m-rounded dashboard-card"
      data-ouia-component-id="OUIA-Generated-Card-1"
      data-ouia-component-type="PF4/Card"
      data-ouia-safe={true}
      id="1"
    >
      <div
        className="draggable-ref__grip"
        draggable={true}
        onMouseEnter={[Function]}
        onMouseLeave={[Function]}
      >
        <div
          className="pf-c-card__header"
        >
          <div
            className="pf-c-card__actions"
          />
          <h4
            className="pf-c-card__title"
            id="1-title"
          >
            Target JVM Details
          </h4>
        </div>
      </div>
      <div
        className="pf-c-card__body"
      >
        <dl
          className="pf-c-description-list"
        >
          <div
            className="pf-c-description-list__group"
          >
            <dt
              className="pf-c-description-list__term"
            >
              <span
                className="pf-c-description-list__text"
              >
                Connection URL
              </span>
            </dt>
            <dd
              className="pf-c-description-list__description"
            >
              <div
                className="pf-c-description-list__text"
              >
                service:jmx:rmi://someUrl
              </div>
            </dd>
          </div>
          <div
            className="pf-c-description-list__group"
          >
            <dt
              className="pf-c-description-list__term"
            >
              <span
                className="pf-c-description-list__text"
              >
                Alias
              </span>
            </dt>
            <dd
              className="pf-c-description-list__description"
            >
              <div
                className="pf-c-description-list__text"
              >
                fooTarget
              </div>
            </dd>
          </div>
          <div
            className="pf-c-description-list__group"
          >
            <dt
              className="pf-c-description-list__term"
            >
              <span
                className="pf-c-description-list__text"
              >
                Platform Labels
              </span>
            </dt>
            <dd
              className="pf-c-description-list__description"
            >
              <div
                className="pf-c-description-list__text"
              />
            </dd>
          </div>
          <div
            className="pf-c-description-list__group"
          >
            <dt
              className="pf-c-description-list__term"
            >
              <span
                className="pf-c-description-list__text"
              >
                Platform Annotations
              </span>
            </dt>
            <dd
              className="pf-c-description-list__description"
            >
              <div
                className="pf-c-description-list__text"
              />
            </dd>
          </div>
          <div
            className="pf-c-description-list__group"
          >
            <dt
              className="pf-c-description-list__term"
            >
              <span
                className="pf-c-description-list__text"
              >
                Cryostat Annotations
              </span>
            </dt>
            <dd
              className="pf-c-description-list__description"
            >
              <div
                className="pf-c-description-list__text"
              />
            </dd>
          </div>
          <div
            className="pf-c-description-list__group"
          >
            <dt
              className="pf-c-description-list__term"
            >
              <span
                className="pf-c-description-list__text"
              >
                JVM Hash ID
              </span>
            </dt>
            <dd
              className="pf-c-description-list__description"
            >
              <div
                className="pf-c-description-list__text"
              />
            </dd>
          </div>
        </dl>
      </div>
    </article>
    <div
      className="resizable-ref"
      onMouseDown={[Function]}
    />
  </div>
</div>
`;
