// Jest Snapshot v1, https://jestjs.io/docs/snapshot-testing

exports[`<MeridiemPicker/> renders correctly 1`] = `
<div>
  <div
    aria-label="Select AM or PM"
    class="datetime-picker__meridiem-title-stack"
    role="listbox"
  >
    <div
      class="datetime-picker__meridiem-tile selected"
    >
      AM
    </div>
    <div
      class="datetime-picker__meridiem-tile unselected"
    >
      PM
    </div>
  </div>
</div>
`;
