// Jest Snapshot v1, https://jestjs.io/docs/snapshot-testing

exports[`<RecordingAnalytics /> renders correctly 1`] = `
<div>
  <div>
    <h1>
      Analytics
    </h1>
    <div
      class="pf-v6-c-card pf-m-full-height"
      data-ouia-component-id="OUIA-Generated-Card-13"
      data-ouia-component-type="PF6/Card"
      data-ouia-safe="true"
      id=""
    >
      <div
        class="pf-v6-c-card__body"
      >
        <div
          class="pf-v6-c-toolbar"
          data-ouia-component-id="OUIA-Generated-Toolbar-13"
          data-ouia-component-type="PF6/Toolbar"
          data-ouia-safe="true"
          id="pf-random-id-12"
        >
          <div
            class="pf-v6-c-toolbar__content"
          >
            <div
              class="pf-v6-c-toolbar__content-section"
            >
              <div
                class="pf-v6-c-toolbar__group"
              >
                <div
                  class="pf-v6-c-toolbar__item"
                >
                  <div
                    data-testid="simple-dropdown"
                  >
                    <button>
                      JVM ID
                    </button>
                    <div
                      data-testid="dropdown-items"
                    >
                      <div>
                        <button
                          data-value="jvm-1"
                        >
                          jvm-1
                        </button>
                      </div>
                      <div>
                        <button
                          data-value="jvm-2"
                        >
                          jvm-2
                        </button>
                      </div>
                      <div>
                        <hr />
                      </div>
                      <div>
                        <button
                          data-value="Clear Selection"
                        >
                          Clear Selection
                        </button>
                      </div>
                    </div>
                  </div>
                </div>
                <div
                  class="pf-v6-c-toolbar__item"
                >
                  <div
                    data-testid="simple-dropdown"
                  >
                    <button
                      disabled=""
                    >
                      Filename
                    </button>
                    <div
                      data-testid="dropdown-items"
                    >
                      <div>
                        <hr />
                      </div>
                      <div>
                        <button
                          data-value="Clear Selection"
                        >
                          Clear Selection
                        </button>
                      </div>
                    </div>
                  </div>
                </div>
              </div>
            </div>
          </div>
          <div
            class="pf-v6-c-toolbar__content pf-m-hidden"
            hidden=""
          >
            <div
              class="pf-v6-c-toolbar__group"
            />
          </div>
        </div>
        <div
          class="pf-v6-c-tabs pf-m-animate-current pf-m-initializing-accent"
          data-ouia-component-id="OUIA-Generated-Tabs-13"
          data-ouia-component-type="PF6/Tabs"
          data-ouia-safe="true"
          id="recording-analytics"
          style="--pf-v6-c-tabs--link-accent--length: 0px; --pf-v6-c-tabs--link-accent--start: 0px;"
        >
          <ul
            class="pf-v6-c-tabs__list"
            role="tablist"
          >
            <li
              class="pf-v6-c-tabs__item pf-m-current"
              role="presentation"
            >
              <button
                aria-controls="pf-tab-section-queries-recording-analytics"
                aria-selected="true"
                class="pf-v6-c-tabs__link"
                data-ouia-component-type="PF6/TabButton"
                data-ouia-safe="true"
                id="pf-tab-queries-recording-analytics"
                role="tab"
                type="button"
              >
                <span
                  class="pf-v6-c-tabs__item-text"
                >
                  Queries
                </span>
              </button>
            </li>
            <li
              class="pf-v6-c-tabs__item"
              role="presentation"
            >
              <button
                aria-controls="pf-tab-section-views-recording-analytics"
                aria-selected="false"
                class="pf-v6-c-tabs__link"
                data-ouia-component-type="PF6/TabButton"
                data-ouia-safe="true"
                id="pf-tab-views-recording-analytics"
                role="tab"
                type="button"
              >
                <span
                  class="pf-v6-c-tabs__item-text"
                >
                  Views
                </span>
              </button>
            </li>
          </ul>
        </div>
        <section
          aria-labelledby="pf-tab-queries-recording-analytics"
          class="pf-v6-c-tab-content"
          data-ouia-component-type="PF6/TabContent"
          data-ouia-safe="true"
          id="pf-tab-section-queries-recording-analytics"
          role="tabpanel"
          tabindex="0"
        >
          <div
            data-filename=""
            data-jvm-id=""
            data-testid="queries-stub"
          />
        </section>
        <section
          aria-labelledby="pf-tab-views-recording-analytics"
          class="pf-v6-c-tab-content"
          data-ouia-component-type="PF6/TabContent"
          data-ouia-safe="true"
          hidden=""
          id="pf-tab-section-views-recording-analytics"
          role="tabpanel"
          tabindex="0"
        >
          <div
            data-filename=""
            data-jvm-id=""
            data-testid="views-stub"
          />
        </section>
      </div>
    </div>
  </div>
</div>
`;
