// Jest Snapshot v1, https://goo.gl/fbAQLP

exports[`<AutomatedAnalysisConfig/> renders correctly 1`] = `
<div
  className="pf-l-stack pf-m-gutter"
>
  <div
    className="pf-l-stack__item"
  >
    Target Select
  </div>
  <div
    className="pf-l-stack__item"
  >
    <h3
      className="pf-c-title pf-m-md"
      data-ouia-component-id="OUIA-Generated-Title-1"
      data-ouia-component-type="PF4/Title"
      data-ouia-safe={true}
    >
      Current configuration
    </h3>
  </div>
  <div
    className="pf-l-stack__item"
  >
    <dl
      className="pf-c-description-list pf-m-3-col-on-lg"
    >
      <div
        className="pf-c-description-list__group"
      >
        <dt
          className="pf-c-description-list__term"
        >
          <span
            className="pf-c-description-list__text"
          >
            Template
          </span>
        </dt>
        <dd
          className="pf-c-description-list__description"
        >
          <div
            className="pf-c-description-list__text"
          >
            template=Continuous,type=TARGET
          </div>
        </dd>
      </div>
      <div
        className="pf-c-description-list__group"
      >
        <dt
          className="pf-c-description-list__term"
        >
          <span
            className="pf-c-description-list__text"
          >
            Max Size (B)
          </span>
        </dt>
        <dd
          className="pf-c-description-list__description"
        >
          <div
            className="pf-c-description-list__text"
          >
            2048
          </div>
        </dd>
      </div>
      <div
        className="pf-c-description-list__group"
      >
        <dt
          className="pf-c-description-list__term"
        >
          <span
            className="pf-c-description-list__text"
          >
            Max Age (s)
          </span>
        </dt>
        <dd
          className="pf-c-description-list__description"
        >
          <div
            className="pf-c-description-list__text"
          >
            0
          </div>
        </dd>
      </div>
    </dl>
  </div>
  <div
    className="pf-c-expandable-section"
  >
    <button
      aria-expanded={false}
      className="pf-c-expandable-section__toggle"
      onClick={[Function]}
      type="button"
    >
      <span
        className="pf-c-expandable-section__toggle-icon"
      >
        <svg
          aria-hidden={true}
          aria-labelledby={null}
          fill="currentColor"
          height="1em"
          role="img"
          style={
            Object {
              "verticalAlign": "-0.125em",
            }
          }
          viewBox="0 0 256 512"
          width="1em"
        >
          <path
            d="M224.3 273l-136 136c-9.4 9.4-24.6 9.4-33.9 0l-22.6-22.6c-9.4-9.4-9.4-24.6 0-33.9l96.4-96.4-96.4-96.4c-9.4-9.4-9.4-24.6 0-33.9L54.3 103c9.4-9.4 24.6-9.4 33.9 0l136 136c9.5 9.4 9.5 24.6.1 34z"
          />
        </svg>
      </span>
      <span
        className="pf-c-expandable-section__toggle-text"
      >
        Show configuration edit
      </span>
    </button>
    <div
      className="pf-c-expandable-section__content"
      hidden={true}
      id=""
    >
      Automated Analysis Configuration Form
    </div>
  </div>
</div>
`;
