// Jest Snapshot v1, https://jestjs.io/docs/snapshot-testing

exports[`<DeletionDialogControl/> renders correctly 1`] = `
<div>
  <div
    class="pf-v6-l-stack pf-m-gutter"
  >
    <div
      class="pf-v6-l-stack__item"
    >
      <div
        class="pf-v6-c-form__group"
      >
        <div
          class="pf-v6-c-form__group-control"
        >
          <div
            class="pf-v6-c-helper-text"
          >
            <div
              class="pf-v6-c-helper-text__item"
            >
              <span
                class="pf-v6-c-helper-text__item-text"
              >
                Enable or disable deletion dialogs by deletion type.
              </span>
            </div>
          </div>
          <label
            class="pf-v6-c-switch"
            data-ouia-component-id="OUIA-Generated-Switch-1"
            data-ouia-component-type="PF6/Switch"
            data-ouia-safe="true"
            for="all-deletion-warnings"
          >
            <input
              aria-labelledby="all-deletion-warnings-label"
              checked=""
              class="pf-v6-c-switch__input"
              id="all-deletion-warnings"
              role="switch"
              type="checkbox"
            />
            <span
              class="pf-v6-c-switch__toggle"
            />
            <span
              aria-hidden="true"
              class="pf-v6-c-switch__label"
              id="all-deletion-warnings-label"
            >
              All deletion warnings
            </span>
          </label>
        </div>
      </div>
    </div>
    <div
      class="pf-v6-l-stack__item"
    >
      <div
        class="pf-v6-c-expandable-section"
      >
        <div
          class="pf-v6-c-expandable-section__toggle"
        >
          <button
            aria-controls="delete-dialog-options"
            aria-expanded="false"
            class="pf-v6-c-button pf-m-link"
            data-ouia-component-id="OUIA-Generated-Button-link-1"
            data-ouia-component-type="PF6/Button"
            data-ouia-safe="true"
            id="delete-dialog-options-toggle"
            type="button"
          >
            <span
              class="pf-v6-c-button__icon pf-m-start"
            >
              <span
                class="pf-v6-c-expandable-section__toggle-icon"
              >
                <svg
                  aria-hidden="true"
                  class="pf-v6-svg"
                  fill="currentColor"
                  height="1em"
                  role="img"
                  viewBox="0 0 256 512"
                  width="1em"
                >
                  <path
                    d="M224.3 273l-136 136c-9.4 9.4-24.6 9.4-33.9 0l-22.6-22.6c-9.4-9.4-9.4-24.6 0-33.9l96.4-96.4-96.4-96.4c-9.4-9.4-9.4-24.6 0-33.9L54.3 103c9.4-9.4 24.6-9.4 33.9 0l136 136c9.5 9.4 9.5 24.6.1 34z"
                  />
                </svg>
              </span>
            </span>
            <span
              class="pf-v6-c-button__text"
            >
              Show more
            </span>
          </button>
        </div>
        <div
          aria-labelledby="delete-dialog-options-toggle"
          class="pf-v6-c-expandable-section__content"
          hidden=""
          id="delete-dialog-options"
          role="region"
        >
          <div
            class="pf-v6-l-stack__item"
          >
            <label
              class="pf-v6-c-switch"
              data-ouia-component-id="OUIA-Generated-Switch-2"
              data-ouia-component-type="PF6/Switch"
              data-ouia-safe="true"
              for="DeleteActiveRecordings"
            >
              <input
                aria-labelledby="DeleteActiveRecordings-label"
                checked=""
                class="pf-v6-c-switch__input"
                id="DeleteActiveRecordings"
                role="switch"
                type="checkbox"
              />
              <span
                class="pf-v6-c-switch__toggle"
              />
              <span
                aria-hidden="true"
                class="pf-v6-c-switch__label"
                id="DeleteActiveRecordings-label"
              >
                Delete Active Recording
              </span>
            </label>
          </div>
          <div
            class="pf-v6-l-stack__item"
          >
            <label
              class="pf-v6-c-switch"
              data-ouia-component-id="OUIA-Generated-Switch-3"
              data-ouia-component-type="PF6/Switch"
              data-ouia-safe="true"
              for="DeleteArchivedRecordings"
            >
              <input
                aria-labelledby="DeleteArchivedRecordings-label"
                checked=""
                class="pf-v6-c-switch__input"
                id="DeleteArchivedRecordings"
                role="switch"
                type="checkbox"
              />
              <span
                class="pf-v6-c-switch__toggle"
              />
              <span
                aria-hidden="true"
                class="pf-v6-c-switch__label"
                id="DeleteArchivedRecordings-label"
              >
                Delete Archived Recording
              </span>
            </label>
          </div>
          <div
            class="pf-v6-l-stack__item"
          >
            <label
              class="pf-v6-c-switch"
              data-ouia-component-id="OUIA-Generated-Switch-4"
              data-ouia-component-type="PF6/Switch"
              data-ouia-safe="true"
              for="DeleteAutomatedRules"
            >
              <input
                aria-labelledby="DeleteAutomatedRules-label"
                checked=""
                class="pf-v6-c-switch__input"
                id="DeleteAutomatedRules"
                role="switch"
                type="checkbox"
              />
              <span
                class="pf-v6-c-switch__toggle"
              />
              <span
                aria-hidden="true"
                class="pf-v6-c-switch__label"
                id="DeleteAutomatedRules-label"
              >
                Delete Automated Rule
              </span>
            </label>
          </div>
          <div
            class="pf-v6-l-stack__item"
          >
            <label
              class="pf-v6-c-switch"
              data-ouia-component-id="OUIA-Generated-Switch-5"
              data-ouia-component-type="PF6/Switch"
              data-ouia-safe="true"
              for="DisableAutomatedRules"
            >
              <input
                aria-labelledby="DisableAutomatedRules-label"
                checked=""
                class="pf-v6-c-switch__input"
                id="DisableAutomatedRules"
                role="switch"
                type="checkbox"
              />
              <span
                class="pf-v6-c-switch__toggle"
              />
              <span
                aria-hidden="true"
                class="pf-v6-c-switch__label"
                id="DisableAutomatedRules-label"
              >
                Disable Automated Rule
              </span>
            </label>
          </div>
          <div
            class="pf-v6-l-stack__item"
          >
            <label
              class="pf-v6-c-switch"
              data-ouia-component-id="OUIA-Generated-Switch-6"
              data-ouia-component-type="PF6/Switch"
              data-ouia-safe="true"
              for="DeleteEventTemplates"
            >
              <input
                aria-labelledby="DeleteEventTemplates-label"
                checked=""
                class="pf-v6-c-switch__input"
                id="DeleteEventTemplates"
                role="switch"
                type="checkbox"
              />
              <span
                class="pf-v6-c-switch__toggle"
              />
              <span
                aria-hidden="true"
                class="pf-v6-c-switch__label"
                id="DeleteEventTemplates-label"
              >
                Delete Event Template
              </span>
            </label>
          </div>
          <div
            class="pf-v6-l-stack__item"
          >
            <label
              class="pf-v6-c-switch"
              data-ouia-component-id="OUIA-Generated-Switch-7"
              data-ouia-component-type="PF6/Switch"
              data-ouia-safe="true"
              for="DeleteProbeTemplates"
            >
              <input
                aria-labelledby="DeleteProbeTemplates-label"
                checked=""
                class="pf-v6-c-switch__input"
                id="DeleteProbeTemplates"
                role="switch"
                type="checkbox"
              />
              <span
                class="pf-v6-c-switch__toggle"
              />
              <span
                aria-hidden="true"
                class="pf-v6-c-switch__label"
                id="DeleteProbeTemplates-label"
              >
                Delete Probe Template
              </span>
            </label>
          </div>
          <div
            class="pf-v6-l-stack__item"
          >
            <label
              class="pf-v6-c-switch"
              data-ouia-component-id="OUIA-Generated-Switch-8"
              data-ouia-component-type="PF6/Switch"
              data-ouia-safe="true"
              for="DeleteAsyncProfile"
            >
              <input
                aria-labelledby="DeleteAsyncProfile-label"
                checked=""
                class="pf-v6-c-switch__input"
                id="DeleteAsyncProfile"
                role="switch"
                type="checkbox"
              />
              <span
                class="pf-v6-c-switch__toggle"
              />
              <span
                aria-hidden="true"
                class="pf-v6-c-switch__label"
                id="DeleteAsyncProfile-label"
              >
                Delete Async Profile
              </span>
            </label>
          </div>
          <div
            class="pf-v6-l-stack__item"
          >
            <label
              class="pf-v6-c-switch"
              data-ouia-component-id="OUIA-Generated-Switch-9"
              data-ouia-component-type="PF6/Switch"
              data-ouia-safe="true"
              for="DeleteHeapDump"
            >
              <input
                aria-labelledby="DeleteHeapDump-label"
                checked=""
                class="pf-v6-c-switch__input"
                id="DeleteHeapDump"
                role="switch"
                type="checkbox"
              />
              <span
                class="pf-v6-c-switch__toggle"
              />
              <span
                aria-hidden="true"
                class="pf-v6-c-switch__label"
                id="DeleteHeapDump-label"
              >
                Delete Heap Dump
              </span>
            </label>
          </div>
          <div
            class="pf-v6-l-stack__item"
          >
            <label
              class="pf-v6-c-switch"
              data-ouia-component-id="OUIA-Generated-Switch-10"
              data-ouia-component-type="PF6/Switch"
              data-ouia-safe="true"
              for="DeleteThreadDump"
            >
              <input
                aria-labelledby="DeleteThreadDump-label"
                checked=""
                class="pf-v6-c-switch__input"
                id="DeleteThreadDump"
                role="switch"
                type="checkbox"
              />
              <span
                class="pf-v6-c-switch__toggle"
              />
              <span
                aria-hidden="true"
                class="pf-v6-c-switch__label"
                id="DeleteThreadDump-label"
              >
                Delete Thread Dump
              </span>
            </label>
          </div>
          <div
            class="pf-v6-l-stack__item"
          >
            <label
              class="pf-v6-c-switch"
              data-ouia-component-id="OUIA-Generated-Switch-11"
              data-ouia-component-type="PF6/Switch"
              data-ouia-safe="true"
              for="DeleteActiveProbes"
            >
              <input
                aria-labelledby="DeleteActiveProbes-label"
                checked=""
                class="pf-v6-c-switch__input"
                id="DeleteActiveProbes"
                role="switch"
                type="checkbox"
              />
              <span
                class="pf-v6-c-switch__toggle"
              />
              <span
                aria-hidden="true"
                class="pf-v6-c-switch__label"
                id="DeleteActiveProbes-label"
              >
                Remove active probes
              </span>
            </label>
          </div>
          <div
            class="pf-v6-l-stack__item"
          >
            <label
              class="pf-v6-c-switch"
              data-ouia-component-id="OUIA-Generated-Switch-12"
              data-ouia-component-type="PF6/Switch"
              data-ouia-safe="true"
              for="DeleteSmartTrigger"
            >
              <input
                aria-labelledby="DeleteSmartTrigger-label"
                checked=""
                class="pf-v6-c-switch__input"
                id="DeleteSmartTrigger"
                role="switch"
                type="checkbox"
              />
              <span
                class="pf-v6-c-switch__toggle"
              />
              <span
                aria-hidden="true"
                class="pf-v6-c-switch__label"
                id="DeleteSmartTrigger-label"
              >
                Remove Smart Triggers
              </span>
            </label>
          </div>
          <div
            class="pf-v6-l-stack__item"
          >
            <label
              class="pf-v6-c-switch"
              data-ouia-component-id="OUIA-Generated-Switch-13"
              data-ouia-component-type="PF6/Switch"
              data-ouia-safe="true"
              for="DeleteCredentials"
            >
              <input
                aria-labelledby="DeleteCredentials-label"
                checked=""
                class="pf-v6-c-switch__input"
                id="DeleteCredentials"
                role="switch"
                type="checkbox"
              />
              <span
                class="pf-v6-c-switch__toggle"
              />
              <span
                aria-hidden="true"
                class="pf-v6-c-switch__label"
                id="DeleteCredentials-label"
              >
                Delete Credentials
              </span>
            </label>
          </div>
          <div
            class="pf-v6-l-stack__item"
          >
            <label
              class="pf-v6-c-switch"
              data-ouia-component-id="OUIA-Generated-Switch-14"
              data-ouia-component-type="PF6/Switch"
              data-ouia-safe="true"
              for="DeleteCustomTargets"
            >
              <input
                aria-labelledby="DeleteCustomTargets-label"
                checked=""
                class="pf-v6-c-switch__input"
                id="DeleteCustomTargets"
                role="switch"
                type="checkbox"
              />
              <span
                class="pf-v6-c-switch__toggle"
              />
              <span
                aria-hidden="true"
                class="pf-v6-c-switch__label"
                id="DeleteCustomTargets-label"
              >
                Delete Custom Targets
              </span>
            </label>
          </div>
          <div
            class="pf-v6-l-stack__item"
          >
            <label
              class="pf-v6-c-switch"
              data-ouia-component-id="OUIA-Generated-Switch-15"
              data-ouia-component-type="PF6/Switch"
              data-ouia-safe="true"
              for="DeleteDashboardLayout"
            >
              <input
                aria-labelledby="DeleteDashboardLayout-label"
                checked=""
                class="pf-v6-c-switch__input"
                id="DeleteDashboardLayout"
                role="switch"
                type="checkbox"
              />
              <span
                class="pf-v6-c-switch__toggle"
              />
              <span
                aria-hidden="true"
                class="pf-v6-c-switch__label"
                id="DeleteDashboardLayout-label"
              >
                Delete Dashboard layouts
              </span>
            </label>
          </div>
          <div
            class="pf-v6-l-stack__item"
          >
            <label
              class="pf-v6-c-switch"
              data-ouia-component-id="OUIA-Generated-Switch-16"
              data-ouia-component-type="PF6/Switch"
              data-ouia-safe="true"
              for="DeleteLayoutTemplate"
            >
              <input
                aria-labelledby="DeleteLayoutTemplate-label"
                checked=""
                class="pf-v6-c-switch__input"
                id="DeleteLayoutTemplate"
                role="switch"
                type="checkbox"
              />
              <span
                class="pf-v6-c-switch__toggle"
              />
              <span
                aria-hidden="true"
                class="pf-v6-c-switch__label"
                id="DeleteLayoutTemplate-label"
              >
                Delete Layout Template
              </span>
            </label>
          </div>
          <div
            class="pf-v6-l-stack__item"
          >
            <label
              class="pf-v6-c-switch"
              data-ouia-component-id="OUIA-Generated-Switch-17"
              data-ouia-component-type="PF6/Switch"
              data-ouia-safe="true"
              for="ClearDashboardLayout"
            >
              <input
                aria-labelledby="ClearDashboardLayout-label"
                checked=""
                class="pf-v6-c-switch__input"
                id="ClearDashboardLayout"
                role="switch"
                type="checkbox"
              />
              <span
                class="pf-v6-c-switch__toggle"
              />
              <span
                aria-hidden="true"
                class="pf-v6-c-switch__label"
                id="ClearDashboardLayout-label"
              >
                Clear Dashboard Layout
              </span>
            </label>
          </div>
        </div>
      </div>
    </div>
  </div>
</div>
`;
