// Jest Snapshot v1, https://goo.gl/fbAQLP

exports[`<DeletionDialogControl/> renders correctly 1`] = `
<div
  className="pf-v5-l-stack pf-m-gutter"
>
  <div
    className="pf-v5-l-stack__item"
  >
    <div
      className="pf-v5-c-form__group"
    >
      <div
        className="pf-v5-c-form__group-control"
      >
        <div
          className="pf-v5-c-helper-text"
        >
          <div
            className="pf-v5-c-helper-text__item"
          >
            <span
              className="pf-v5-c-helper-text__item-text"
            >
              Enable or disable deletion dialogs by deletion type.
            </span>
          </div>
        </div>
        <label
          className="pf-v5-c-switch"
          data-ouia-component-id="OUIA-Generated-Switch-1"
          data-ouia-component-type="PF5/Switch"
          data-ouia-safe={true}
          htmlFor="all-deletion-warnings"
        >
          <input
            aria-label=""
            aria-labelledby="all-deletion-warnings-on"
            checked={true}
            className="pf-v5-c-switch__input"
            disabled={false}
            id="all-deletion-warnings"
            onChange={[Function]}
            type="checkbox"
          />
          <span
            className="pf-v5-c-switch__toggle"
          />
          <span
            aria-hidden="true"
            className="pf-v5-c-switch__label pf-m-on"
            id="all-deletion-warnings-on"
          >
            All deletion warnings
          </span>
          <span
            aria-hidden="true"
            className="pf-v5-c-switch__label pf-m-off"
            id="all-deletion-warnings-off"
          >
            All deletion warnings
          </span>
        </label>
      </div>
    </div>
  </div>
  <div
    className="pf-v5-l-stack__item"
  >
    <div
      className="pf-v5-c-expandable-section"
    >
      <button
        aria-controls="expandable-section-content-17177484467765uqbuek5d18"
        aria-expanded={false}
        className="pf-v5-c-expandable-section__toggle"
        id="expandable-section-toggle-1717748446776vbr16rjdf6l"
        onClick={[Function]}
        type="button"
      >
        <span
          className="pf-v5-c-expandable-section__toggle-icon"
        >
          <svg
            aria-hidden={true}
            aria-labelledby={null}
            className="pf-v5-svg"
            fill="currentColor"
            height="1em"
            role="img"
            viewBox="0 0 256 512"
            width="1em"
          >
            <path
              d="M224.3 273l-136 136c-9.4 9.4-24.6 9.4-33.9 0l-22.6-22.6c-9.4-9.4-9.4-24.6 0-33.9l96.4-96.4-96.4-96.4c-9.4-9.4-9.4-24.6 0-33.9L54.3 103c9.4-9.4 24.6-9.4 33.9 0l136 136c9.5 9.4 9.5 24.6.1 34z"
            />
          </svg>
        </span>
        <span
          className="pf-v5-c-expandable-section__toggle-text"
        >
          Show more
        </span>
      </button>
      <div
        aria-labelledby="expandable-section-toggle-1717748446776vbr16rjdf6l"
        className="pf-v5-c-expandable-section__content"
        hidden={true}
        id="expandable-section-content-17177484467765uqbuek5d18"
        role="region"
      >
        <div
          className="pf-v5-l-stack__item"
        >
          <label
            className="pf-v5-c-switch"
            data-ouia-component-id="OUIA-Generated-Switch-2"
            data-ouia-component-type="PF5/Switch"
            data-ouia-safe={true}
            htmlFor="DeleteActiveRecordings"
          >
            <input
              aria-label=""
              aria-labelledby="DeleteActiveRecordings-on"
              checked={true}
              className="pf-v5-c-switch__input"
              disabled={false}
              id="DeleteActiveRecordings"
              onChange={[Function]}
              type="checkbox"
            />
            <span
              className="pf-v5-c-switch__toggle"
            />
            <span
              aria-hidden="true"
              className="pf-v5-c-switch__label pf-m-on"
              id="DeleteActiveRecordings-on"
            >
              Delete Active Recording
            </span>
            <span
              aria-hidden="true"
              className="pf-v5-c-switch__label pf-m-off"
              id="DeleteActiveRecordings-off"
            >
              Delete Active Recording
            </span>
          </label>
        </div>
        <div
          className="pf-v5-l-stack__item"
        >
          <label
            className="pf-v5-c-switch"
            data-ouia-component-id="OUIA-Generated-Switch-3"
            data-ouia-component-type="PF5/Switch"
            data-ouia-safe={true}
            htmlFor="DeleteArchivedRecordings"
          >
            <input
              aria-label=""
              aria-labelledby="DeleteArchivedRecordings-on"
              checked={true}
              className="pf-v5-c-switch__input"
              disabled={false}
              id="DeleteArchivedRecordings"
              onChange={[Function]}
              type="checkbox"
            />
            <span
              className="pf-v5-c-switch__toggle"
            />
            <span
              aria-hidden="true"
              className="pf-v5-c-switch__label pf-m-on"
              id="DeleteArchivedRecordings-on"
            >
              Delete Archived Recording
            </span>
            <span
              aria-hidden="true"
              className="pf-v5-c-switch__label pf-m-off"
              id="DeleteArchivedRecordings-off"
            >
              Delete Archived Recording
            </span>
          </label>
        </div>
        <div
          className="pf-v5-l-stack__item"
        >
          <label
            className="pf-v5-c-switch"
            data-ouia-component-id="OUIA-Generated-Switch-4"
            data-ouia-component-type="PF5/Switch"
            data-ouia-safe={true}
            htmlFor="DeleteAutomatedRules"
          >
            <input
              aria-label=""
              aria-labelledby="DeleteAutomatedRules-on"
              checked={true}
              className="pf-v5-c-switch__input"
              disabled={false}
              id="DeleteAutomatedRules"
              onChange={[Function]}
              type="checkbox"
            />
            <span
              className="pf-v5-c-switch__toggle"
            />
            <span
              aria-hidden="true"
              className="pf-v5-c-switch__label pf-m-on"
              id="DeleteAutomatedRules-on"
            >
              Delete Automated Rule
            </span>
            <span
              aria-hidden="true"
              className="pf-v5-c-switch__label pf-m-off"
              id="DeleteAutomatedRules-off"
            >
              Delete Automated Rule
            </span>
          </label>
        </div>
        <div
          className="pf-v5-l-stack__item"
        >
          <label
            className="pf-v5-c-switch"
            data-ouia-component-id="OUIA-Generated-Switch-5"
            data-ouia-component-type="PF5/Switch"
            data-ouia-safe={true}
            htmlFor="DisableAutomatedRules"
          >
            <input
              aria-label=""
              aria-labelledby="DisableAutomatedRules-on"
              checked={true}
              className="pf-v5-c-switch__input"
              disabled={false}
              id="DisableAutomatedRules"
              onChange={[Function]}
              type="checkbox"
            />
            <span
              className="pf-v5-c-switch__toggle"
            />
            <span
              aria-hidden="true"
              className="pf-v5-c-switch__label pf-m-on"
              id="DisableAutomatedRules-on"
            >
              Disable Automated Rule
            </span>
            <span
              aria-hidden="true"
              className="pf-v5-c-switch__label pf-m-off"
              id="DisableAutomatedRules-off"
            >
              Disable Automated Rule
            </span>
          </label>
        </div>
        <div
          className="pf-v5-l-stack__item"
        >
          <label
            className="pf-v5-c-switch"
            data-ouia-component-id="OUIA-Generated-Switch-6"
            data-ouia-component-type="PF5/Switch"
            data-ouia-safe={true}
            htmlFor="DeleteEventTemplates"
          >
            <input
              aria-label=""
              aria-labelledby="DeleteEventTemplates-on"
              checked={true}
              className="pf-v5-c-switch__input"
              disabled={false}
              id="DeleteEventTemplates"
              onChange={[Function]}
              type="checkbox"
            />
            <span
              className="pf-v5-c-switch__toggle"
            />
            <span
              aria-hidden="true"
              className="pf-v5-c-switch__label pf-m-on"
              id="DeleteEventTemplates-on"
            >
              Delete Event Template
            </span>
            <span
              aria-hidden="true"
              className="pf-v5-c-switch__label pf-m-off"
              id="DeleteEventTemplates-off"
            >
              Delete Event Template
            </span>
          </label>
        </div>
        <div
          className="pf-v5-l-stack__item"
        >
          <label
            className="pf-v5-c-switch"
            data-ouia-component-id="OUIA-Generated-Switch-7"
            data-ouia-component-type="PF5/Switch"
            data-ouia-safe={true}
            htmlFor="DeleteProbeTemplates"
          >
            <input
              aria-label=""
              aria-labelledby="DeleteProbeTemplates-on"
              checked={true}
              className="pf-v5-c-switch__input"
              disabled={false}
              id="DeleteProbeTemplates"
              onChange={[Function]}
              type="checkbox"
            />
            <span
              className="pf-v5-c-switch__toggle"
            />
            <span
              aria-hidden="true"
              className="pf-v5-c-switch__label pf-m-on"
              id="DeleteProbeTemplates-on"
            >
              Delete Probe Template
            </span>
            <span
              aria-hidden="true"
              className="pf-v5-c-switch__label pf-m-off"
              id="DeleteProbeTemplates-off"
            >
              Delete Probe Template
            </span>
          </label>
        </div>
        <div
          className="pf-v5-l-stack__item"
        >
          <label
            className="pf-v5-c-switch"
            data-ouia-component-id="OUIA-Generated-Switch-8"
            data-ouia-component-type="PF5/Switch"
            data-ouia-safe={true}
            htmlFor="DeleteActiveProbes"
          >
            <input
              aria-label=""
              aria-labelledby="DeleteActiveProbes-on"
              checked={true}
              className="pf-v5-c-switch__input"
              disabled={false}
              id="DeleteActiveProbes"
              onChange={[Function]}
              type="checkbox"
            />
            <span
              className="pf-v5-c-switch__toggle"
            />
            <span
              aria-hidden="true"
              className="pf-v5-c-switch__label pf-m-on"
              id="DeleteActiveProbes-on"
            >
              Remove active probes
            </span>
            <span
              aria-hidden="true"
              className="pf-v5-c-switch__label pf-m-off"
              id="DeleteActiveProbes-off"
            >
              Remove active probes
            </span>
          </label>
        </div>
        <div
          className="pf-v5-l-stack__item"
        >
          <label
            className="pf-v5-c-switch"
            data-ouia-component-id="OUIA-Generated-Switch-9"
            data-ouia-component-type="PF5/Switch"
            data-ouia-safe={true}
            htmlFor="DeleteCredentials"
          >
            <input
              aria-label=""
              aria-labelledby="DeleteCredentials-on"
              checked={true}
              className="pf-v5-c-switch__input"
              disabled={false}
              id="DeleteCredentials"
              onChange={[Function]}
              type="checkbox"
            />
            <span
              className="pf-v5-c-switch__toggle"
            />
            <span
              aria-hidden="true"
              className="pf-v5-c-switch__label pf-m-on"
              id="DeleteCredentials-on"
            >
              Delete Credentials
            </span>
            <span
              aria-hidden="true"
              className="pf-v5-c-switch__label pf-m-off"
              id="DeleteCredentials-off"
            >
              Delete Credentials
            </span>
          </label>
        </div>
        <div
          className="pf-v5-l-stack__item"
        >
          <label
            className="pf-v5-c-switch"
            data-ouia-component-id="OUIA-Generated-Switch-10"
            data-ouia-component-type="PF5/Switch"
            data-ouia-safe={true}
            htmlFor="DeleteCustomTargets"
          >
            <input
              aria-label=""
              aria-labelledby="DeleteCustomTargets-on"
              checked={true}
              className="pf-v5-c-switch__input"
              disabled={false}
              id="DeleteCustomTargets"
              onChange={[Function]}
              type="checkbox"
            />
            <span
              className="pf-v5-c-switch__toggle"
            />
            <span
              aria-hidden="true"
              className="pf-v5-c-switch__label pf-m-on"
              id="DeleteCustomTargets-on"
            >
              Delete Custom Targets
            </span>
            <span
              aria-hidden="true"
              className="pf-v5-c-switch__label pf-m-off"
              id="DeleteCustomTargets-off"
            >
              Delete Custom Targets
            </span>
          </label>
        </div>
        <div
          className="pf-v5-l-stack__item"
        >
          <label
            className="pf-v5-c-switch"
            data-ouia-component-id="OUIA-Generated-Switch-11"
            data-ouia-component-type="PF5/Switch"
            data-ouia-safe={true}
            htmlFor="DeleteDashboardLayout"
          >
            <input
              aria-label=""
              aria-labelledby="DeleteDashboardLayout-on"
              checked={true}
              className="pf-v5-c-switch__input"
              disabled={false}
              id="DeleteDashboardLayout"
              onChange={[Function]}
              type="checkbox"
            />
            <span
              className="pf-v5-c-switch__toggle"
            />
            <span
              aria-hidden="true"
              className="pf-v5-c-switch__label pf-m-on"
              id="DeleteDashboardLayout-on"
            >
              Delete Dashboard layouts
            </span>
            <span
              aria-hidden="true"
              className="pf-v5-c-switch__label pf-m-off"
              id="DeleteDashboardLayout-off"
            >
              Delete Dashboard layouts
            </span>
          </label>
        </div>
        <div
          className="pf-v5-l-stack__item"
        >
          <label
            className="pf-v5-c-switch"
            data-ouia-component-id="OUIA-Generated-Switch-12"
            data-ouia-component-type="PF5/Switch"
            data-ouia-safe={true}
            htmlFor="DeleteLayoutTemplate"
          >
            <input
              aria-label=""
              aria-labelledby="DeleteLayoutTemplate-on"
              checked={true}
              className="pf-v5-c-switch__input"
              disabled={false}
              id="DeleteLayoutTemplate"
              onChange={[Function]}
              type="checkbox"
            />
            <span
              className="pf-v5-c-switch__toggle"
            />
            <span
              aria-hidden="true"
              className="pf-v5-c-switch__label pf-m-on"
              id="DeleteLayoutTemplate-on"
            >
              Delete Layout Template
            </span>
            <span
              aria-hidden="true"
              className="pf-v5-c-switch__label pf-m-off"
              id="DeleteLayoutTemplate-off"
            >
              Delete Layout Template
            </span>
          </label>
        </div>
        <div
          className="pf-v5-l-stack__item"
        >
          <label
            className="pf-v5-c-switch"
            data-ouia-component-id="OUIA-Generated-Switch-13"
            data-ouia-component-type="PF5/Switch"
            data-ouia-safe={true}
            htmlFor="ClearDashboardLayout"
          >
            <input
              aria-label=""
              aria-labelledby="ClearDashboardLayout-on"
              checked={true}
              className="pf-v5-c-switch__input"
              disabled={false}
              id="ClearDashboardLayout"
              onChange={[Function]}
              type="checkbox"
            />
            <span
              className="pf-v5-c-switch__toggle"
            />
            <span
              aria-hidden="true"
              className="pf-v5-c-switch__label pf-m-on"
              id="ClearDashboardLayout-on"
            >
              Clear Dashboard Layout
            </span>
            <span
              aria-hidden="true"
              className="pf-v5-c-switch__label pf-m-off"
              id="ClearDashboardLayout-off"
            >
              Clear Dashboard Layout
            </span>
          </label>
        </div>
      </div>
    </div>
  </div>
</div>
`;
