// Jest Snapshot v1, https://jestjs.io/docs/snapshot-testing

exports[`<NotificationControl/> renders correctly 1`] = `
<div>
  <div
    class="pf-v6-l-stack pf-m-gutter"
  >
    <div
      class="pf-v6-l-stack__item"
    >
      <div
        class="pf-v6-c-form__group"
      >
        <div
          class="pf-v6-c-form__group-control"
        >
          <div
            class="pf-v6-c-helper-text"
          >
            <div
              class="pf-v6-c-helper-text__item"
            >
              <span
                class="pf-v6-c-helper-text__item-text"
              >
                Enable or disable all notifications.
              </span>
            </div>
          </div>
          <label
            class="pf-v6-c-switch"
            data-ouia-component-id="OUIA-Generated-Switch-1"
            data-ouia-component-type="PF6/Switch"
            data-ouia-safe="true"
            for="all-notifications"
          >
            <input
              aria-labelledby="all-notifications-label"
              checked=""
              class="pf-v6-c-switch__input"
              id="all-notifications"
              role="switch"
              type="checkbox"
            />
            <span
              class="pf-v6-c-switch__toggle"
            />
            <span
              aria-hidden="true"
              class="pf-v6-c-switch__label"
              id="all-notifications-label"
            >
              All notifications
            </span>
          </label>
        </div>
      </div>
    </div>
    <div
      class="pf-v6-l-stack__item"
    >
      <div
        class="pf-v6-c-form__group"
      >
        <div
          class="pf-v6-c-form__group-control"
        >
          <div
            class="pf-v6-c-helper-text"
          >
            <div
              class="pf-v6-c-helper-text__item"
            >
              <span
                class="pf-v6-c-helper-text__item-text"
              >
                Control the maximum number of notification alerts that appear at once.
              </span>
            </div>
          </div>
          <div
            class="pf-v6-c-number-input"
          >
            <div
              class="pf-v6-c-input-group"
            >
              <div
                class="pf-v6-c-input-group__item"
              >
                <button
                  aria-label="Minus"
                  class="pf-v6-c-button pf-m-control"
                  data-ouia-component-id="OUIA-Generated-Button-control-1"
                  data-ouia-component-type="PF6/Button"
                  data-ouia-safe="true"
                  type="button"
                >
                  <span
                    class="pf-v6-c-button__icon"
                  >
                    <span
                      class="pf-v6-c-number-input__icon"
                    >
                      <svg
                        aria-hidden="true"
                        class="pf-v6-svg"
                        fill="currentColor"
                        height="1em"
                        role="img"
                        viewBox="0 0 448 512"
                        width="1em"
                      >
                        <path
                          d="M416 208H32c-17.67 0-32 14.33-32 32v32c0 17.67 14.33 32 32 32h384c17.67 0 32-14.33 32-32v-32c0-17.67-14.33-32-32-32z"
                        />
                      </svg>
                    </span>
                  </span>
                </button>
              </div>
              <div
                class="pf-v6-c-input-group__item"
              >
                <span
                  class="pf-v6-c-form-control"
                >
                  <input
                    aria-invalid="false"
                    aria-label="Input"
                    data-ouia-component-id="OUIA-Generated-TextInputBase-1"
                    data-ouia-component-type="PF6/TextInput"
                    data-ouia-safe="true"
                    name="alert count"
                    type="number"
                    value="5"
                  />
                </span>
              </div>
              <div
                class="pf-v6-c-input-group__item"
              >
                <button
                  aria-label="Plus"
                  class="pf-v6-c-button pf-m-control"
                  data-ouia-component-id="OUIA-Generated-Button-control-2"
                  data-ouia-component-type="PF6/Button"
                  data-ouia-safe="true"
                  type="button"
                >
                  <span
                    class="pf-v6-c-button__icon"
                  >
                    <span
                      class="pf-v6-c-number-input__icon"
                    >
                      <svg
                        aria-hidden="true"
                        class="pf-v6-svg"
                        fill="currentColor"
                        height="1em"
                        role="img"
                        viewBox="0 0 448 512"
                        width="1em"
                      >
                        <path
                          d="M416 208H272V64c0-17.67-14.33-32-32-32h-32c-17.67 0-32 14.33-32 32v144H32c-17.67 0-32 14.33-32 32v32c0 17.67 14.33 32 32 32h144v144c0 17.67 14.33 32 32 32h32c17.67 0 32-14.33 32-32V304h144c17.67 0 32-14.33 32-32v-32c0-17.67-14.33-32-32-32z"
                        />
                      </svg>
                    </span>
                  </span>
                </button>
              </div>
            </div>
          </div>
        </div>
      </div>
    </div>
    <div
      class="pf-v6-l-stack__item"
    >
      <div
        class="pf-v6-c-expandable-section"
      >
        <div
          class="pf-v6-c-expandable-section__toggle"
        >
          <button
            aria-controls="notification-options"
            aria-expanded="false"
            class="pf-v6-c-button pf-m-link"
            data-ouia-component-id="OUIA-Generated-Button-link-1"
            data-ouia-component-type="PF6/Button"
            data-ouia-safe="true"
            id="notification-options-toggle"
            type="button"
          >
            <span
              class="pf-v6-c-button__icon pf-m-start"
            >
              <span
                class="pf-v6-c-expandable-section__toggle-icon"
              >
                <svg
                  aria-hidden="true"
                  class="pf-v6-svg"
                  fill="currentColor"
                  height="1em"
                  role="img"
                  viewBox="0 0 256 512"
                  width="1em"
                >
                  <path
                    d="M224.3 273l-136 136c-9.4 9.4-24.6 9.4-33.9 0l-22.6-22.6c-9.4-9.4-9.4-24.6 0-33.9l96.4-96.4-96.4-96.4c-9.4-9.4-9.4-24.6 0-33.9L54.3 103c9.4-9.4 24.6-9.4 33.9 0l136 136c9.5 9.4 9.5 24.6.1 34z"
                  />
                </svg>
              </span>
            </span>
            <span
              class="pf-v6-c-button__text"
            >
              Show more
            </span>
          </button>
        </div>
        <div
          aria-labelledby="notification-options-toggle"
          class="pf-v6-c-expandable-section__content"
          hidden=""
          id="notification-options"
          role="region"
        >
          <div
            class="pf-v6-l-stack__item"
          >
            <label
              class="pf-v6-c-switch"
              data-ouia-component-id="OUIA-Generated-Switch-2"
              data-ouia-component-type="PF6/Switch"
              data-ouia-safe="true"
              for="WsClientActivity"
            >
              <input
                aria-labelledby="WsClientActivity-label"
                checked=""
                class="pf-v6-c-switch__input"
                id="WsClientActivity"
                role="switch"
                type="checkbox"
              />
              <span
                class="pf-v6-c-switch__toggle"
              />
              <span
                aria-hidden="true"
                class="pf-v6-c-switch__label"
                id="WsClientActivity-label"
              >
                WebSocket client activity
              </span>
            </label>
          </div>
          <div
            class="pf-v6-l-stack__item"
          >
            <label
              class="pf-v6-c-switch"
              data-ouia-component-id="OUIA-Generated-Switch-3"
              data-ouia-component-type="PF6/Switch"
              data-ouia-safe="true"
              for="TargetJvmDiscovery"
            >
              <input
                aria-labelledby="TargetJvmDiscovery-label"
                checked=""
                class="pf-v6-c-switch__input"
                id="TargetJvmDiscovery"
                role="switch"
                type="checkbox"
              />
              <span
                class="pf-v6-c-switch__toggle"
              />
              <span
                aria-hidden="true"
                class="pf-v6-c-switch__label"
                id="TargetJvmDiscovery-label"
              >
                Target JVM discovery
              </span>
            </label>
          </div>
          <div
            class="pf-v6-l-stack__item"
          >
            <label
              class="pf-v6-c-switch"
              data-ouia-component-id="OUIA-Generated-Switch-4"
              data-ouia-component-type="PF6/Switch"
              data-ouia-safe="true"
              for="ActiveRecordingCreated"
            >
              <input
                aria-labelledby="ActiveRecordingCreated-label"
                checked=""
                class="pf-v6-c-switch__input"
                id="ActiveRecordingCreated"
                role="switch"
                type="checkbox"
              />
              <span
                class="pf-v6-c-switch__toggle"
              />
              <span
                aria-hidden="true"
                class="pf-v6-c-switch__label"
                id="ActiveRecordingCreated-label"
              >
                Recording created
              </span>
            </label>
          </div>
          <div
            class="pf-v6-l-stack__item"
          >
            <label
              class="pf-v6-c-switch"
              data-ouia-component-id="OUIA-Generated-Switch-5"
              data-ouia-component-type="PF6/Switch"
              data-ouia-safe="true"
              for="ActiveRecordingStopped"
            >
              <input
                aria-labelledby="ActiveRecordingStopped-label"
                checked=""
                class="pf-v6-c-switch__input"
                id="ActiveRecordingStopped"
                role="switch"
                type="checkbox"
              />
              <span
                class="pf-v6-c-switch__toggle"
              />
              <span
                aria-hidden="true"
                class="pf-v6-c-switch__label"
                id="ActiveRecordingStopped-label"
              >
                Recording stopped
              </span>
            </label>
          </div>
          <div
            class="pf-v6-l-stack__item"
          >
            <label
              class="pf-v6-c-switch"
              data-ouia-component-id="OUIA-Generated-Switch-6"
              data-ouia-component-type="PF6/Switch"
              data-ouia-safe="true"
              for="ActiveRecordingSaved"
            >
              <input
                aria-labelledby="ActiveRecordingSaved-label"
                checked=""
                class="pf-v6-c-switch__input"
                id="ActiveRecordingSaved"
                role="switch"
                type="checkbox"
              />
              <span
                class="pf-v6-c-switch__toggle"
              />
              <span
                aria-hidden="true"
                class="pf-v6-c-switch__label"
                id="ActiveRecordingSaved-label"
              >
                Recording saved
              </span>
            </label>
          </div>
          <div
            class="pf-v6-l-stack__item"
          >
            <label
              class="pf-v6-c-switch"
              data-ouia-component-id="OUIA-Generated-Switch-7"
              data-ouia-component-type="PF6/Switch"
              data-ouia-safe="true"
              for="ActiveRecordingDeleted"
            >
              <input
                aria-labelledby="ActiveRecordingDeleted-label"
                checked=""
                class="pf-v6-c-switch__input"
                id="ActiveRecordingDeleted"
                role="switch"
                type="checkbox"
              />
              <span
                class="pf-v6-c-switch__toggle"
              />
              <span
                aria-hidden="true"
                class="pf-v6-c-switch__label"
                id="ActiveRecordingDeleted-label"
              >
                Recording deleted
              </span>
            </label>
          </div>
          <div
            class="pf-v6-l-stack__item"
          >
            <label
              class="pf-v6-c-switch"
              data-ouia-component-id="OUIA-Generated-Switch-8"
              data-ouia-component-type="PF6/Switch"
              data-ouia-safe="true"
              for="ArchiveRecordingSuccess"
            >
              <input
                aria-labelledby="ArchiveRecordingSuccess-label"
                checked=""
                class="pf-v6-c-switch__input"
                id="ArchiveRecordingSuccess"
                role="switch"
                type="checkbox"
              />
              <span
                class="pf-v6-c-switch__toggle"
              />
              <span
                aria-hidden="true"
                class="pf-v6-c-switch__label"
                id="ArchiveRecordingSuccess-label"
              >
                Recording Archive Success
              </span>
            </label>
          </div>
          <div
            class="pf-v6-l-stack__item"
          >
            <label
              class="pf-v6-c-switch"
              data-ouia-component-id="OUIA-Generated-Switch-9"
              data-ouia-component-type="PF6/Switch"
              data-ouia-safe="true"
              for="ArchiveRecordingFailure"
            >
              <input
                aria-labelledby="ArchiveRecordingFailure-label"
                checked=""
                class="pf-v6-c-switch__input"
                id="ArchiveRecordingFailure"
                role="switch"
                type="checkbox"
              />
              <span
                class="pf-v6-c-switch__toggle"
              />
              <span
                aria-hidden="true"
                class="pf-v6-c-switch__label"
                id="ArchiveRecordingFailure-label"
              >
                Recording Archive Failed
              </span>
            </label>
          </div>
          <div
            class="pf-v6-l-stack__item"
          >
            <label
              class="pf-v6-c-switch"
              data-ouia-component-id="OUIA-Generated-Switch-10"
              data-ouia-component-type="PF6/Switch"
              data-ouia-safe="true"
              for="ArchivedRecordingCreated"
            >
              <input
                aria-labelledby="ArchivedRecordingCreated-label"
                checked=""
                class="pf-v6-c-switch__input"
                id="ArchivedRecordingCreated"
                role="switch"
                type="checkbox"
              />
              <span
                class="pf-v6-c-switch__toggle"
              />
              <span
                aria-hidden="true"
                class="pf-v6-c-switch__label"
                id="ArchivedRecordingCreated-label"
              >
                Archived Recording uploaded
              </span>
            </label>
          </div>
          <div
            class="pf-v6-l-stack__item"
          >
            <label
              class="pf-v6-c-switch"
              data-ouia-component-id="OUIA-Generated-Switch-11"
              data-ouia-component-type="PF6/Switch"
              data-ouia-safe="true"
              for="ArchivedRecordingDeleted"
            >
              <input
                aria-labelledby="ArchivedRecordingDeleted-label"
                checked=""
                class="pf-v6-c-switch__input"
                id="ArchivedRecordingDeleted"
                role="switch"
                type="checkbox"
              />
              <span
                class="pf-v6-c-switch__toggle"
              />
              <span
                aria-hidden="true"
                class="pf-v6-c-switch__label"
                id="ArchivedRecordingDeleted-label"
              >
                Archived Recording deleted
              </span>
            </label>
          </div>
          <div
            class="pf-v6-l-stack__item"
          >
            <label
              class="pf-v6-c-switch"
              data-ouia-component-id="OUIA-Generated-Switch-12"
              data-ouia-component-type="PF6/Switch"
              data-ouia-safe="true"
              for="TemplateUploaded"
            >
              <input
                aria-labelledby="TemplateUploaded-label"
                checked=""
                class="pf-v6-c-switch__input"
                id="TemplateUploaded"
                role="switch"
                type="checkbox"
              />
              <span
                class="pf-v6-c-switch__toggle"
              />
              <span
                aria-hidden="true"
                class="pf-v6-c-switch__label"
                id="TemplateUploaded-label"
              >
                Template created
              </span>
            </label>
          </div>
          <div
            class="pf-v6-l-stack__item"
          >
            <label
              class="pf-v6-c-switch"
              data-ouia-component-id="OUIA-Generated-Switch-13"
              data-ouia-component-type="PF6/Switch"
              data-ouia-safe="true"
              for="TemplateDeleted"
            >
              <input
                aria-labelledby="TemplateDeleted-label"
                checked=""
                class="pf-v6-c-switch__input"
                id="TemplateDeleted"
                role="switch"
                type="checkbox"
              />
              <span
                class="pf-v6-c-switch__toggle"
              />
              <span
                aria-hidden="true"
                class="pf-v6-c-switch__label"
                id="TemplateDeleted-label"
              >
                Template deleted
              </span>
            </label>
          </div>
          <div
            class="pf-v6-l-stack__item"
          >
            <label
              class="pf-v6-c-switch"
              data-ouia-component-id="OUIA-Generated-Switch-14"
              data-ouia-component-type="PF6/Switch"
              data-ouia-safe="true"
              for="ProbeTemplateUploaded"
            >
              <input
                aria-labelledby="ProbeTemplateUploaded-label"
                checked=""
                class="pf-v6-c-switch__input"
                id="ProbeTemplateUploaded"
                role="switch"
                type="checkbox"
              />
              <span
                class="pf-v6-c-switch__toggle"
              />
              <span
                aria-hidden="true"
                class="pf-v6-c-switch__label"
                id="ProbeTemplateUploaded-label"
              >
                Probe Template created
              </span>
            </label>
          </div>
          <div
            class="pf-v6-l-stack__item"
          >
            <label
              class="pf-v6-c-switch"
              data-ouia-component-id="OUIA-Generated-Switch-15"
              data-ouia-component-type="PF6/Switch"
              data-ouia-safe="true"
              for="ProbeTemplateDeleted"
            >
              <input
                aria-labelledby="ProbeTemplateDeleted-label"
                checked=""
                class="pf-v6-c-switch__input"
                id="ProbeTemplateDeleted"
                role="switch"
                type="checkbox"
              />
              <span
                class="pf-v6-c-switch__toggle"
              />
              <span
                aria-hidden="true"
                class="pf-v6-c-switch__label"
                id="ProbeTemplateDeleted-label"
              >
                Probe Template deleted
              </span>
            </label>
          </div>
          <div
            class="pf-v6-l-stack__item"
          >
            <label
              class="pf-v6-c-switch"
              data-ouia-component-id="OUIA-Generated-Switch-16"
              data-ouia-component-type="PF6/Switch"
              data-ouia-safe="true"
              for="ProbeTemplateApplied"
            >
              <input
                aria-labelledby="ProbeTemplateApplied-label"
                checked=""
                class="pf-v6-c-switch__input"
                id="ProbeTemplateApplied"
                role="switch"
                type="checkbox"
              />
              <span
                class="pf-v6-c-switch__toggle"
              />
              <span
                aria-hidden="true"
                class="pf-v6-c-switch__label"
                id="ProbeTemplateApplied-label"
              >
                Probe Template applied
              </span>
            </label>
          </div>
          <div
            class="pf-v6-l-stack__item"
          >
            <label
              class="pf-v6-c-switch"
              data-ouia-component-id="OUIA-Generated-Switch-17"
              data-ouia-component-type="PF6/Switch"
              data-ouia-safe="true"
              for="ProbesRemoved"
            >
              <input
                aria-labelledby="ProbesRemoved-label"
                checked=""
                class="pf-v6-c-switch__input"
                id="ProbesRemoved"
                role="switch"
                type="checkbox"
              />
              <span
                class="pf-v6-c-switch__toggle"
              />
              <span
                aria-hidden="true"
                class="pf-v6-c-switch__label"
                id="ProbesRemoved-label"
              >
                Probes removed from target
              </span>
            </label>
          </div>
          <div
            class="pf-v6-l-stack__item"
          >
            <label
              class="pf-v6-c-switch"
              data-ouia-component-id="OUIA-Generated-Switch-18"
              data-ouia-component-type="PF6/Switch"
              data-ouia-safe="true"
              for="RuleCreated"
            >
              <input
                aria-labelledby="RuleCreated-label"
                checked=""
                class="pf-v6-c-switch__input"
                id="RuleCreated"
                role="switch"
                type="checkbox"
              />
              <span
                class="pf-v6-c-switch__toggle"
              />
              <span
                aria-hidden="true"
                class="pf-v6-c-switch__label"
                id="RuleCreated-label"
              >
                Automated Rule created
              </span>
            </label>
          </div>
          <div
            class="pf-v6-l-stack__item"
          >
            <label
              class="pf-v6-c-switch"
              data-ouia-component-id="OUIA-Generated-Switch-19"
              data-ouia-component-type="PF6/Switch"
              data-ouia-safe="true"
              for="RuleUpdated"
            >
              <input
                aria-labelledby="RuleUpdated-label"
                checked=""
                class="pf-v6-c-switch__input"
                id="RuleUpdated"
                role="switch"
                type="checkbox"
              />
              <span
                class="pf-v6-c-switch__toggle"
              />
              <span
                aria-hidden="true"
                class="pf-v6-c-switch__label"
                id="RuleUpdated-label"
              >
                Automated Rule updated
              </span>
            </label>
          </div>
          <div
            class="pf-v6-l-stack__item"
          >
            <label
              class="pf-v6-c-switch"
              data-ouia-component-id="OUIA-Generated-Switch-20"
              data-ouia-component-type="PF6/Switch"
              data-ouia-safe="true"
              for="RuleDeleted"
            >
              <input
                aria-labelledby="RuleDeleted-label"
                checked=""
                class="pf-v6-c-switch__input"
                id="RuleDeleted"
                role="switch"
                type="checkbox"
              />
              <span
                class="pf-v6-c-switch__toggle"
              />
              <span
                aria-hidden="true"
                class="pf-v6-c-switch__label"
                id="RuleDeleted-label"
              >
                Automated Rule deleted
              </span>
            </label>
          </div>
          <div
            class="pf-v6-l-stack__item"
          >
            <label
              class="pf-v6-c-switch"
              data-ouia-component-id="OUIA-Generated-Switch-21"
              data-ouia-component-type="PF6/Switch"
              data-ouia-safe="true"
              for="RecordingMetadataUpdated"
            >
              <input
                aria-labelledby="RecordingMetadataUpdated-label"
                checked=""
                class="pf-v6-c-switch__input"
                id="RecordingMetadataUpdated"
                role="switch"
                type="checkbox"
              />
              <span
                class="pf-v6-c-switch__toggle"
              />
              <span
                aria-hidden="true"
                class="pf-v6-c-switch__label"
                id="RecordingMetadataUpdated-label"
              >
                Recording metadata updated
              </span>
            </label>
          </div>
          <div
            class="pf-v6-l-stack__item"
          >
            <label
              class="pf-v6-c-switch"
              data-ouia-component-id="OUIA-Generated-Switch-22"
              data-ouia-component-type="PF6/Switch"
              data-ouia-safe="true"
              for="GrafanaUploadSuccess"
            >
              <input
                aria-labelledby="GrafanaUploadSuccess-label"
                checked=""
                class="pf-v6-c-switch__input"
                id="GrafanaUploadSuccess"
                role="switch"
                type="checkbox"
              />
              <span
                class="pf-v6-c-switch__toggle"
              />
              <span
                aria-hidden="true"
                class="pf-v6-c-switch__label"
                id="GrafanaUploadSuccess-label"
              >
                Grafana Upload Success
              </span>
            </label>
          </div>
          <div
            class="pf-v6-l-stack__item"
          >
            <label
              class="pf-v6-c-switch"
              data-ouia-component-id="OUIA-Generated-Switch-23"
              data-ouia-component-type="PF6/Switch"
              data-ouia-safe="true"
              for="GrafanaUploadFailure"
            >
              <input
                aria-labelledby="GrafanaUploadFailure-label"
                checked=""
                class="pf-v6-c-switch__input"
                id="GrafanaUploadFailure"
                role="switch"
                type="checkbox"
              />
              <span
                class="pf-v6-c-switch__toggle"
              />
              <span
                aria-hidden="true"
                class="pf-v6-c-switch__label"
                id="GrafanaUploadFailure-label"
              >
                Grafana Upload Failed
              </span>
            </label>
          </div>
          <div
            class="pf-v6-l-stack__item"
          >
            <label
              class="pf-v6-c-switch"
              data-ouia-component-id="OUIA-Generated-Switch-24"
              data-ouia-component-type="PF6/Switch"
              data-ouia-safe="true"
              for="GrafanaConfiguration"
            >
              <input
                aria-labelledby="GrafanaConfiguration-label"
                checked=""
                class="pf-v6-c-switch__input"
                id="GrafanaConfiguration"
                role="switch"
                type="checkbox"
              />
              <span
                class="pf-v6-c-switch__toggle"
              />
              <span
                aria-hidden="true"
                class="pf-v6-c-switch__label"
                id="GrafanaConfiguration-label"
              >
                Grafana configuration
              </span>
            </label>
          </div>
          <div
            class="pf-v6-l-stack__item"
          >
            <label
              class="pf-v6-c-switch"
              data-ouia-component-id="OUIA-Generated-Switch-25"
              data-ouia-component-type="PF6/Switch"
              data-ouia-safe="true"
              for="LayoutTemplateCreated"
            >
              <input
                aria-labelledby="LayoutTemplateCreated-label"
                checked=""
                class="pf-v6-c-switch__input"
                id="LayoutTemplateCreated"
                role="switch"
                type="checkbox"
              />
              <span
                class="pf-v6-c-switch__toggle"
              />
              <span
                aria-hidden="true"
                class="pf-v6-c-switch__label"
                id="LayoutTemplateCreated-label"
              >
                Layout Template created
              </span>
            </label>
          </div>
          <div
            class="pf-v6-l-stack__item"
          >
            <label
              class="pf-v6-c-switch"
              data-ouia-component-id="OUIA-Generated-Switch-26"
              data-ouia-component-type="PF6/Switch"
              data-ouia-safe="true"
              for="TargetCredentialsStored"
            >
              <input
                aria-labelledby="TargetCredentialsStored-label"
                checked=""
                class="pf-v6-c-switch__input"
                id="TargetCredentialsStored"
                role="switch"
                type="checkbox"
              />
              <span
                class="pf-v6-c-switch__toggle"
              />
              <span
                aria-hidden="true"
                class="pf-v6-c-switch__label"
                id="TargetCredentialsStored-label"
              >
                Target Credentials stored
              </span>
            </label>
          </div>
          <div
            class="pf-v6-l-stack__item"
          >
            <label
              class="pf-v6-c-switch"
              data-ouia-component-id="OUIA-Generated-Switch-27"
              data-ouia-component-type="PF6/Switch"
              data-ouia-safe="true"
              for="TargetCredentialsDeleted"
            >
              <input
                aria-labelledby="TargetCredentialsDeleted-label"
                checked=""
                class="pf-v6-c-switch__input"
                id="TargetCredentialsDeleted"
                role="switch"
                type="checkbox"
              />
              <span
                class="pf-v6-c-switch__toggle"
              />
              <span
                aria-hidden="true"
                class="pf-v6-c-switch__label"
                id="TargetCredentialsDeleted-label"
              >
                Target Credentials deleted
              </span>
            </label>
          </div>
          <div
            class="pf-v6-l-stack__item"
          >
            <label
              class="pf-v6-c-switch"
              data-ouia-component-id="OUIA-Generated-Switch-28"
              data-ouia-component-type="PF6/Switch"
              data-ouia-safe="true"
              for="HeapDumpSuccess"
            >
              <input
                aria-labelledby="HeapDumpSuccess-label"
                checked=""
                class="pf-v6-c-switch__input"
                id="HeapDumpSuccess"
                role="switch"
                type="checkbox"
              />
              <span
                class="pf-v6-c-switch__toggle"
              />
              <span
                aria-hidden="true"
                class="pf-v6-c-switch__label"
                id="HeapDumpSuccess-label"
              >
                Heap Dump Succeeded
              </span>
            </label>
          </div>
          <div
            class="pf-v6-l-stack__item"
          >
            <label
              class="pf-v6-c-switch"
              data-ouia-component-id="OUIA-Generated-Switch-29"
              data-ouia-component-type="PF6/Switch"
              data-ouia-safe="true"
              for="HeapDumpUploaded"
            >
              <input
                aria-labelledby="HeapDumpUploaded-label"
                checked=""
                class="pf-v6-c-switch__input"
                id="HeapDumpUploaded"
                role="switch"
                type="checkbox"
              />
              <span
                class="pf-v6-c-switch__toggle"
              />
              <span
                aria-hidden="true"
                class="pf-v6-c-switch__label"
                id="HeapDumpUploaded-label"
              >
                Heap Dump Uploaded
              </span>
            </label>
          </div>
          <div
            class="pf-v6-l-stack__item"
          >
            <label
              class="pf-v6-c-switch"
              data-ouia-component-id="OUIA-Generated-Switch-30"
              data-ouia-component-type="PF6/Switch"
              data-ouia-safe="true"
              for="HeapDumpFailure"
            >
              <input
                aria-labelledby="HeapDumpFailure-label"
                checked=""
                class="pf-v6-c-switch__input"
                id="HeapDumpFailure"
                role="switch"
                type="checkbox"
              />
              <span
                class="pf-v6-c-switch__toggle"
              />
              <span
                aria-hidden="true"
                class="pf-v6-c-switch__label"
                id="HeapDumpFailure-label"
              >
                Heap Dump Failed
              </span>
            </label>
          </div>
          <div
            class="pf-v6-l-stack__item"
          >
            <label
              class="pf-v6-c-switch"
              data-ouia-component-id="OUIA-Generated-Switch-31"
              data-ouia-component-type="PF6/Switch"
              data-ouia-safe="true"
              for="HeapDumpDeleted"
            >
              <input
                aria-labelledby="HeapDumpDeleted-label"
                checked=""
                class="pf-v6-c-switch__input"
                id="HeapDumpDeleted"
                role="switch"
                type="checkbox"
              />
              <span
                class="pf-v6-c-switch__toggle"
              />
              <span
                aria-hidden="true"
                class="pf-v6-c-switch__label"
                id="HeapDumpDeleted-label"
              >
                Heap Dump Deleted
              </span>
            </label>
          </div>
          <div
            class="pf-v6-l-stack__item"
          >
            <label
              class="pf-v6-c-switch"
              data-ouia-component-id="OUIA-Generated-Switch-32"
              data-ouia-component-type="PF6/Switch"
              data-ouia-safe="true"
              for="HeapDumpMetadataUpdated"
            >
              <input
                aria-labelledby="HeapDumpMetadataUpdated-label"
                checked=""
                class="pf-v6-c-switch__input"
                id="HeapDumpMetadataUpdated"
                role="switch"
                type="checkbox"
              />
              <span
                class="pf-v6-c-switch__toggle"
              />
              <span
                aria-hidden="true"
                class="pf-v6-c-switch__label"
                id="HeapDumpMetadataUpdated-label"
              >
                Heap Dump metadata updated
              </span>
            </label>
          </div>
          <div
            class="pf-v6-l-stack__item"
          >
            <label
              class="pf-v6-c-switch"
              data-ouia-component-id="OUIA-Generated-Switch-33"
              data-ouia-component-type="PF6/Switch"
              data-ouia-safe="true"
              for="ThreadDumpSuccess"
            >
              <input
                aria-labelledby="ThreadDumpSuccess-label"
                checked=""
                class="pf-v6-c-switch__input"
                id="ThreadDumpSuccess"
                role="switch"
                type="checkbox"
              />
              <span
                class="pf-v6-c-switch__toggle"
              />
              <span
                aria-hidden="true"
                class="pf-v6-c-switch__label"
                id="ThreadDumpSuccess-label"
              >
                Thread Dump Succeeded
              </span>
            </label>
          </div>
          <div
            class="pf-v6-l-stack__item"
          >
            <label
              class="pf-v6-c-switch"
              data-ouia-component-id="OUIA-Generated-Switch-34"
              data-ouia-component-type="PF6/Switch"
              data-ouia-safe="true"
              for="ThreadDumpFailure"
            >
              <input
                aria-labelledby="ThreadDumpFailure-label"
                checked=""
                class="pf-v6-c-switch__input"
                id="ThreadDumpFailure"
                role="switch"
                type="checkbox"
              />
              <span
                class="pf-v6-c-switch__toggle"
              />
              <span
                aria-hidden="true"
                class="pf-v6-c-switch__label"
                id="ThreadDumpFailure-label"
              >
                Thread Dump Failed
              </span>
            </label>
          </div>
          <div
            class="pf-v6-l-stack__item"
          >
            <label
              class="pf-v6-c-switch"
              data-ouia-component-id="OUIA-Generated-Switch-35"
              data-ouia-component-type="PF6/Switch"
              data-ouia-safe="true"
              for="ThreadDumpDeleted"
            >
              <input
                aria-labelledby="ThreadDumpDeleted-label"
                checked=""
                class="pf-v6-c-switch__input"
                id="ThreadDumpDeleted"
                role="switch"
                type="checkbox"
              />
              <span
                class="pf-v6-c-switch__toggle"
              />
              <span
                aria-hidden="true"
                class="pf-v6-c-switch__label"
                id="ThreadDumpDeleted-label"
              >
                Thread Dump Deleted
              </span>
            </label>
          </div>
          <div
            class="pf-v6-l-stack__item"
          >
            <label
              class="pf-v6-c-switch"
              data-ouia-component-id="OUIA-Generated-Switch-36"
              data-ouia-component-type="PF6/Switch"
              data-ouia-safe="true"
              for="ThreadDumpMetadataUpdated"
            >
              <input
                aria-labelledby="ThreadDumpMetadataUpdated-label"
                checked=""
                class="pf-v6-c-switch__input"
                id="ThreadDumpMetadataUpdated"
                role="switch"
                type="checkbox"
              />
              <span
                class="pf-v6-c-switch__toggle"
              />
              <span
                aria-hidden="true"
                class="pf-v6-c-switch__label"
                id="ThreadDumpMetadataUpdated-label"
              >
                Thread Dump metadata updated
              </span>
            </label>
          </div>
          <div
            class="pf-v6-l-stack__item"
          >
            <label
              class="pf-v6-c-switch"
              data-ouia-component-id="OUIA-Generated-Switch-37"
              data-ouia-component-type="PF6/Switch"
              data-ouia-safe="true"
              for="TriggerCreated"
            >
              <input
                aria-labelledby="TriggerCreated-label"
                checked=""
                class="pf-v6-c-switch__input"
                id="TriggerCreated"
                role="switch"
                type="checkbox"
              />
              <span
                class="pf-v6-c-switch__toggle"
              />
              <span
                aria-hidden="true"
                class="pf-v6-c-switch__label"
                id="TriggerCreated-label"
              >
                Smart Trigger created
              </span>
            </label>
          </div>
          <div
            class="pf-v6-l-stack__item"
          >
            <label
              class="pf-v6-c-switch"
              data-ouia-component-id="OUIA-Generated-Switch-38"
              data-ouia-component-type="PF6/Switch"
              data-ouia-safe="true"
              for="TriggerDeleted"
            >
              <input
                aria-labelledby="TriggerDeleted-label"
                checked=""
                class="pf-v6-c-switch__input"
                id="TriggerDeleted"
                role="switch"
                type="checkbox"
              />
              <span
                class="pf-v6-c-switch__toggle"
              />
              <span
                aria-hidden="true"
                class="pf-v6-c-switch__label"
                id="TriggerDeleted-label"
              >
                Smart Trigger deleted
              </span>
            </label>
          </div>
          <div
            class="pf-v6-l-stack__item"
          >
            <label
              class="pf-v6-c-switch"
              data-ouia-component-id="OUIA-Generated-Switch-39"
              data-ouia-component-type="PF6/Switch"
              data-ouia-safe="true"
              for="CredentialsStored"
            >
              <input
                aria-labelledby="CredentialsStored-label"
                checked=""
                class="pf-v6-c-switch__input"
                id="CredentialsStored"
                role="switch"
                type="checkbox"
              />
              <span
                class="pf-v6-c-switch__toggle"
              />
              <span
                aria-hidden="true"
                class="pf-v6-c-switch__label"
                id="CredentialsStored-label"
              >
                Credentials stored
              </span>
            </label>
          </div>
          <div
            class="pf-v6-l-stack__item"
          >
            <label
              class="pf-v6-c-switch"
              data-ouia-component-id="OUIA-Generated-Switch-40"
              data-ouia-component-type="PF6/Switch"
              data-ouia-safe="true"
              for="CredentialsDeleted"
            >
              <input
                aria-labelledby="CredentialsDeleted-label"
                checked=""
                class="pf-v6-c-switch__input"
                id="CredentialsDeleted"
                role="switch"
                type="checkbox"
              />
              <span
                class="pf-v6-c-switch__toggle"
              />
              <span
                aria-hidden="true"
                class="pf-v6-c-switch__label"
                id="CredentialsDeleted-label"
              >
                Credentials deleted
              </span>
            </label>
          </div>
          <div
            class="pf-v6-l-stack__item"
          >
            <label
              class="pf-v6-c-switch"
              data-ouia-component-id="OUIA-Generated-Switch-41"
              data-ouia-component-type="PF6/Switch"
              data-ouia-safe="true"
              for="ReportSuccess"
            >
              <input
                aria-labelledby="ReportSuccess-label"
                checked=""
                class="pf-v6-c-switch__input"
                id="ReportSuccess"
                role="switch"
                type="checkbox"
              />
              <span
                class="pf-v6-c-switch__toggle"
              />
              <span
                aria-hidden="true"
                class="pf-v6-c-switch__label"
                id="ReportSuccess-label"
              >
                Report Success
              </span>
            </label>
          </div>
          <div
            class="pf-v6-l-stack__item"
          >
            <label
              class="pf-v6-c-switch"
              data-ouia-component-id="OUIA-Generated-Switch-42"
              data-ouia-component-type="PF6/Switch"
              data-ouia-safe="true"
              for="ReportFailure"
            >
              <input
                aria-labelledby="ReportFailure-label"
                checked=""
                class="pf-v6-c-switch__input"
                id="ReportFailure"
                role="switch"
                type="checkbox"
              />
              <span
                class="pf-v6-c-switch__toggle"
              />
              <span
                aria-hidden="true"
                class="pf-v6-c-switch__label"
                id="ReportFailure-label"
              >
                Report Generation Failed
              </span>
            </label>
          </div>
          <div
            class="pf-v6-l-stack__item"
          >
            <label
              class="pf-v6-c-switch"
              data-ouia-component-id="OUIA-Generated-Switch-43"
              data-ouia-component-type="PF6/Switch"
              data-ouia-safe="true"
              for="AsyncProfilerCreated"
            >
              <input
                aria-labelledby="AsyncProfilerCreated-label"
                checked=""
                class="pf-v6-c-switch__input"
                id="AsyncProfilerCreated"
                role="switch"
                type="checkbox"
              />
              <span
                class="pf-v6-c-switch__toggle"
              />
              <span
                aria-hidden="true"
                class="pf-v6-c-switch__label"
                id="AsyncProfilerCreated-label"
              >
                async-profiler session started
              </span>
            </label>
          </div>
          <div
            class="pf-v6-l-stack__item"
          >
            <label
              class="pf-v6-c-switch"
              data-ouia-component-id="OUIA-Generated-Switch-44"
              data-ouia-component-type="PF6/Switch"
              data-ouia-safe="true"
              for="AsyncProfilerStopped"
            >
              <input
                aria-labelledby="AsyncProfilerStopped-label"
                checked=""
                class="pf-v6-c-switch__input"
                id="AsyncProfilerStopped"
                role="switch"
                type="checkbox"
              />
              <span
                class="pf-v6-c-switch__toggle"
              />
              <span
                aria-hidden="true"
                class="pf-v6-c-switch__label"
                id="AsyncProfilerStopped-label"
              >
                async-profiler session stopped
              </span>
            </label>
          </div>
          <div
            class="pf-v6-l-stack__item"
          >
            <label
              class="pf-v6-c-switch"
              data-ouia-component-id="OUIA-Generated-Switch-45"
              data-ouia-component-type="PF6/Switch"
              data-ouia-safe="true"
              for="AsyncProfilerDeleted"
            >
              <input
                aria-labelledby="AsyncProfilerDeleted-label"
                checked=""
                class="pf-v6-c-switch__input"
                id="AsyncProfilerDeleted"
                role="switch"
                type="checkbox"
              />
              <span
                class="pf-v6-c-switch__toggle"
              />
              <span
                aria-hidden="true"
                class="pf-v6-c-switch__label"
                id="AsyncProfilerDeleted-label"
              >
                async-profiler remote file deleted
              </span>
            </label>
          </div>
        </div>
      </div>
    </div>
  </div>
</div>
`;
