// Jest Snapshot v1, https://goo.gl/fbAQLP

exports[`<Settings/> renders correctly 1`] = `
<div
  className="pf-c-page__main-group"
>
  <section
    className="pf-c-page__main-section"
  >
    <nav
      aria-label="Breadcrumb"
      className="pf-c-breadcrumb"
      data-ouia-component-id="OUIA-Generated-Breadcrumb-1"
      data-ouia-component-type="PF4/Breadcrumb"
      data-ouia-safe={true}
    >
      <ol
        className="pf-c-breadcrumb__list"
      >
        <li
          className="pf-c-breadcrumb__item"
        >
          <h1
            className="pf-c-breadcrumb__heading"
          >
            Settings
          </h1>
        </li>
      </ol>
    </nav>
    <div
      className="pf-l-stack pf-m-gutter"
    >
      <div
        className="pf-l-stack__item pf-m-fill"
      >
        <article
          className="pf-c-card pf-m-full-height"
          data-ouia-component-id="OUIA-Generated-Card-1"
          data-ouia-component-type="PF4/Card"
          data-ouia-safe={true}
          id=""
        >
          <div
            className="pf-c-sidebar"
            tabIndex={0}
          >
            <div
              className="pf-c-sidebar__main"
            >
              <div
                className="pf-c-sidebar__panel"
              >
                <div
                  aria-label="Select setting category"
                  className="pf-c-tabs pf-m-vertical"
                  data-ouia-component-id="OUIA-Generated-Tabs-1"
                  data-ouia-component-type="PF4/Tabs"
                  data-ouia-safe={true}
                  onSelect={[Function]}
                >
                  <ul
                    className="pf-c-tabs__list"
                    onScroll={[Function]}
                    role="tablist"
                  >
                    <li
                      className="pf-c-tabs__item pf-m-current"
                      role="presentation"
                    >
                      <button
                        aria-controls="pf-tab-section-SETTINGS.CATEGORIES.GENERAL--445403487"
                        aria-selected={true}
                        className="pf-c-tabs__link"
                        data-ouia-component-type="PF4/TabButton"
                        data-ouia-safe={true}
                        data-quickstart-id="settings-general-tab"
                        id="pf-tab-SETTINGS.CATEGORIES.GENERAL--445403487"
                        onClick={[Function]}
                        role="tab"
                        type="button"
                      >
                        <span
                          className="pf-c-tabs__item-text"
                        >
                          General
                        </span>
                      </button>
                    </li>
                    <li
                      className="pf-c-tabs__item"
                      role="presentation"
                    >
                      <button
                        aria-controls="pf-tab-section-SETTINGS.CATEGORIES.CONNECTIVITY--1507428482"
                        aria-selected={false}
                        className="pf-c-tabs__link"
                        data-ouia-component-type="PF4/TabButton"
                        data-ouia-safe={true}
                        data-quickstart-id="settings-connectivity-tab"
                        id="pf-tab-SETTINGS.CATEGORIES.CONNECTIVITY--1507428482"
                        onClick={[Function]}
                        role="tab"
                        type="button"
                      >
                        <span
                          className="pf-c-tabs__item-text"
                        >
                          Connectivity
                        </span>
                      </button>
                    </li>
                    <li
                      className="pf-c-tabs__item"
                      role="presentation"
                    >
                      <button
                        aria-controls="pf-tab-section-SETTINGS.CATEGORIES.NOTIFICATION_MESSAGE-719517530"
                        aria-selected={false}
                        className="pf-c-tabs__link"
                        data-ouia-component-type="PF4/TabButton"
                        data-ouia-safe={true}
                        data-quickstart-id="settings-notifications&messages-tab"
                        id="pf-tab-SETTINGS.CATEGORIES.NOTIFICATION_MESSAGE-719517530"
                        onClick={[Function]}
                        role="tab"
                        type="button"
                      >
                        <span
                          className="pf-c-tabs__item-text"
                        >
                          Notifications & Messages
                        </span>
                      </button>
                    </li>
                    <li
                      className="pf-c-tabs__item"
                      role="presentation"
                    >
                      <button
                        aria-controls="pf-tab-section-SETTINGS.CATEGORIES.DASHBOARD-129171981"
                        aria-selected={false}
                        className="pf-c-tabs__link"
                        data-ouia-component-type="PF4/TabButton"
                        data-ouia-safe={true}
                        data-quickstart-id="settings-dashboard-tab"
                        id="pf-tab-SETTINGS.CATEGORIES.DASHBOARD-129171981"
                        onClick={[Function]}
                        role="tab"
                        type="button"
                      >
                        <span
                          className="pf-c-tabs__item-text"
                        >
                          Dashboard
                        </span>
                      </button>
                    </li>
                    <li
                      className="pf-c-tabs__item"
                      role="presentation"
                    >
                      <button
                        aria-controls="pf-tab-section-SETTINGS.CATEGORIES.ADVANCED-843151721"
                        aria-selected={false}
                        className="pf-c-tabs__link"
                        data-ouia-component-type="PF4/TabButton"
                        data-ouia-safe={true}
                        data-quickstart-id="settings-advanced-tab"
                        id="pf-tab-SETTINGS.CATEGORIES.ADVANCED-843151721"
                        onClick={[Function]}
                        role="tab"
                        type="button"
                      >
                        <span
                          className="pf-c-tabs__item-text"
                        >
                          Advanced
                        </span>
                      </button>
                    </li>
                  </ul>
                </div>
              </div>
              <div
                className="pf-c-sidebar__content"
              >
                <div
                  className="settings__content active"
                >
                  <form
                    className="pf-c-form"
                    noValidate={true}
                  >
                    <div
                      className="pf-c-form__group"
                    >
                      <div
                        className="pf-c-form__group-label"
                      >
                        <label
                          className="pf-c-form__label"
                        >
                          <span
                            className="pf-c-form__label-text"
                          >
                            <h2
                              className="pf-c-title pf-m-lg"
                              data-ouia-component-id="OUIA-Generated-Title-1"
                              data-ouia-component-type="PF4/Title"
                              data-ouia-safe={true}
                            >
                              Date & Time
                            </h2>
                          </span>
                        </label>
                         
                      </div>
                      <div
                        className="pf-c-form__group-control"
                      >
                        <div
                          className="pf-c-helper-text"
                        >
                          <div
                            className="pf-c-helper-text__item"
                          >
                            <span
                              className="pf-c-helper-text__item-text"
                            >
                              
                            </span>
                          </div>
                        </div>
                        <p
                          className=""
                          data-ouia-component-id="OUIA-Generated-Text-1"
                          data-ouia-component-type="PF4/Text"
                          data-ouia-safe={true}
                          data-pf-content={true}
                        >
                          DatetimeControl Component
                        </p>
                      </div>
                    </div>
                    <div
                      className="pf-c-form__group"
                    >
                      <div
                        className="pf-c-form__group-label"
                      >
                        <label
                          className="pf-c-form__label"
                        >
                          <span
                            className="pf-c-form__label-text"
                          >
                            <h2
                              className="pf-c-title pf-m-lg"
                              data-ouia-component-id="OUIA-Generated-Title-2"
                              data-ouia-component-type="PF4/Title"
                              data-ouia-safe={true}
                            >
                              Theme
                            </h2>
                          </span>
                        </label>
                         
                      </div>
                      <div
                        className="pf-c-form__group-control"
                      >
                        <div
                          className="pf-c-helper-text"
                        >
                          <div
                            className="pf-c-helper-text__item"
                          >
                            <span
                              className="pf-c-helper-text__item-text"
                            >
                              Set the current theme for web console.
                            </span>
                          </div>
                        </div>
                        <p
                          className=""
                          data-ouia-component-id="OUIA-Generated-Text-2"
                          data-ouia-component-type="PF4/Text"
                          data-ouia-safe={true}
                          data-pf-content={true}
                        >
                          Theme Component
                        </p>
                      </div>
                    </div>
                  </form>
                </div>
                <div
                  className="settings__content"
                >
                  <form
                    className="pf-c-form"
                    noValidate={true}
                  >
                    <div
                      className="pf-c-form__group"
                    >
                      <div
                        className="pf-c-form__group-label"
                      >
                        <label
                          className="pf-c-form__label"
                        >
                          <span
                            className="pf-c-form__label-text"
                          >
                            <h2
                              className="pf-c-title pf-m-lg"
                              data-ouia-component-id="OUIA-Generated-Title-3"
                              data-ouia-component-type="PF4/Title"
                              data-ouia-safe={true}
                            >
                              WebSocket Connection Debounce
                            </h2>
                          </span>
                        </label>
                         
                      </div>
                      <div
                        className="pf-c-form__group-control"
                      >
                        <div
                          className="pf-c-helper-text"
                        >
                          <div
                            className="pf-c-helper-text__item"
                          >
                            <span
                              className="pf-c-helper-text__item-text"
                            >
                              Set the debounce time (in milliseconds) used when establishing WebSocket connections. Increase this time if the web-interface repeatedly displays WebSocket connection/disconnection messages. Decrease this time if the web-interface takes a long time to populate on startup.
                            </span>
                          </div>
                        </div>
                        <p
                          className=""
                          data-ouia-component-id="OUIA-Generated-Text-3"
                          data-ouia-component-type="PF4/Text"
                          data-ouia-safe={true}
                          data-pf-content={true}
                        >
                          WebSocket Debounce Component
                        </p>
                      </div>
                    </div>
                    <div
                      className="pf-c-form__group"
                    >
                      <div
                        className="pf-c-form__group-label"
                      >
                        <label
                          className="pf-c-form__label"
                        >
                          <span
                            className="pf-c-form__label-text"
                          >
                            <h2
                              className="pf-c-title pf-m-lg"
                              data-ouia-component-id="OUIA-Generated-Title-4"
                              data-ouia-component-type="PF4/Title"
                              data-ouia-safe={true}
                            >
                              Auto-Refresh
                            </h2>
                          </span>
                        </label>
                         
                      </div>
                      <div
                        className="pf-c-form__group-control"
                      >
                        <div
                          className="pf-c-helper-text"
                        >
                          <div
                            className="pf-c-helper-text__item"
                          >
                            <span
                              className="pf-c-helper-text__item-text"
                            >
                              Set the refresh period for content views. Views normally update dynamically via WebSocket notifications, so this should not be needed unless WebSockets are not working.
                            </span>
                          </div>
                        </div>
                        <p
                          className=""
                          data-ouia-component-id="OUIA-Generated-Text-4"
                          data-ouia-component-type="PF4/Text"
                          data-ouia-safe={true}
                          data-pf-content={true}
                        >
                          AutoRefresh Component
                        </p>
                      </div>
                    </div>
                  </form>
                </div>
                <div
                  className="settings__content"
                >
                  <form
                    className="pf-c-form"
                    noValidate={true}
                  >
                    <div
                      className="pf-c-form__group"
                    >
                      <div
                        className="pf-c-form__group-label"
                      >
                        <label
                          className="pf-c-form__label"
                        >
                          <span
                            className="pf-c-form__label-text"
                          >
                            <h2
                              className="pf-c-title pf-m-lg"
                              data-ouia-component-id="OUIA-Generated-Title-5"
                              data-ouia-component-type="PF4/Title"
                              data-ouia-safe={true}
                            >
                              Notifications
                            </h2>
                          </span>
                        </label>
                         
                      </div>
                      <div
                        className="pf-c-form__group-control"
                      >
                        <div
                          className="pf-c-helper-text"
                        >
                          <div
                            className="pf-c-helper-text__item"
                          >
                            <span
                              className="pf-c-helper-text__item-text"
                            >
                              
                            </span>
                          </div>
                        </div>
                        <p
                          className=""
                          data-ouia-component-id="OUIA-Generated-Text-5"
                          data-ouia-component-type="PF4/Text"
                          data-ouia-safe={true}
                          data-pf-content={true}
                        >
                          Notification Control Component
                        </p>
                      </div>
                    </div>
                    <div
                      className="pf-c-form__group"
                    >
                      <div
                        className="pf-c-form__group-label"
                      >
                        <label
                          className="pf-c-form__label"
                        >
                          <span
                            className="pf-c-form__label-text"
                          >
                            <h2
                              className="pf-c-title pf-m-lg"
                              data-ouia-component-id="OUIA-Generated-Title-6"
                              data-ouia-component-type="PF4/Title"
                              data-ouia-safe={true}
                            >
                              Show Deletion Dialogs
                            </h2>
                          </span>
                        </label>
                         
                      </div>
                      <div
                        className="pf-c-form__group-control"
                      >
                        <div
                          className="pf-c-helper-text"
                        >
                          <div
                            className="pf-c-helper-text__item"
                          >
                            <span
                              className="pf-c-helper-text__item-text"
                            >
                              
                            </span>
                          </div>
                        </div>
                        <p
                          className=""
                          data-ouia-component-id="OUIA-Generated-Text-6"
                          data-ouia-component-type="PF4/Text"
                          data-ouia-safe={true}
                          data-pf-content={true}
                        >
                          Deletion Dialog Control Component
                        </p>
                      </div>
                    </div>
                  </form>
                </div>
                <div
                  className="settings__content"
                >
                  <form
                    className="pf-c-form"
                    noValidate={true}
                  >
                    <div
                      className="pf-c-form__group"
                    >
                      <div
                        className="pf-c-form__group-label"
                      >
                        <label
                          className="pf-c-form__label"
                        >
                          <span
                            className="pf-c-form__label-text"
                          >
                            <h2
                              className="pf-c-title pf-m-lg"
                              data-ouia-component-id="OUIA-Generated-Title-7"
                              data-ouia-component-type="PF4/Title"
                              data-ouia-safe={true}
                            >
                              Automated Analysis Recording Configuration
                            </h2>
                          </span>
                        </label>
                         
                      </div>
                      <div
                        className="pf-c-form__group-control"
                      >
                        <div
                          className="pf-c-helper-text"
                        >
                          <div
                            className="pf-c-helper-text__item"
                          >
                            <span
                              className="pf-c-helper-text__item-text"
                            >
                              Set the recording configuration for automated analysis recordings. You may want smaller or larger values for max-age and max-size depending on how recent you want events to be recorded from the analysis.
                            </span>
                          </div>
                        </div>
                        <p
                          className=""
                          data-ouia-component-id="OUIA-Generated-Text-7"
                          data-ouia-component-type="PF4/Text"
                          data-ouia-safe={true}
                          data-pf-content={true}
                        >
                          Automated Analysis Config Component
                        </p>
                      </div>
                    </div>
                    <div
                      className="pf-c-form__group"
                    >
                      <div
                        className="pf-c-form__group-label"
                      >
                        <label
                          className="pf-c-form__label"
                        >
                          <span
                            className="pf-c-form__label-text"
                          >
                            <h2
                              className="pf-c-title pf-m-lg"
                              data-ouia-component-id="OUIA-Generated-Title-8"
                              data-ouia-component-type="PF4/Title"
                              data-ouia-safe={true}
                            >
                              Dashboard Metrics Configuration
                            </h2>
                          </span>
                        </label>
                         
                      </div>
                      <div
                        className="pf-c-form__group-control"
                      >
                        <div
                          className="pf-c-helper-text"
                        >
                          <div
                            className="pf-c-helper-text__item"
                          >
                            <span
                              className="pf-c-helper-text__item-text"
                            >
                              
                            </span>
                          </div>
                        </div>
                        <p
                          className=""
                          data-ouia-component-id="OUIA-Generated-Text-8"
                          data-ouia-component-type="PF4/Text"
                          data-ouia-safe={true}
                          data-pf-content={true}
                        >
                          Chart Cards Config Component
                        </p>
                      </div>
                    </div>
                  </form>
                </div>
                <div
                  className="settings__content"
                >
                  <form
                    className="pf-c-form"
                    noValidate={true}
                  >
                    <div
                      className="pf-c-form__group"
                    >
                      <div
                        className="pf-c-form__group-label"
                      >
                        <label
                          className="pf-c-form__label"
                        >
                          <span
                            className="pf-c-form__label-text"
                          >
                            <h2
                              className="pf-c-title pf-m-lg"
                              data-ouia-component-id="OUIA-Generated-Title-9"
                              data-ouia-component-type="PF4/Title"
                              data-ouia-safe={true}
                            >
                              Credentials Storage
                            </h2>
                          </span>
                        </label>
                         
                      </div>
                      <div
                        className="pf-c-form__group-control"
                      >
                        <div
                          className="pf-c-helper-text"
                        >
                          <div
                            className="pf-c-helper-text__item"
                          >
                            <span
                              className="pf-c-helper-text__item-text"
                            >
                              When you attempt to connect to a target application which requires authentication, you will see a prompt for credentials to present to the application and complete the connection. You can choose where to persist these credentials. Any credentials added through the 
                              Security
                               panel will always be stored in Cryostat backend encrypted storage.
                            </span>
                          </div>
                        </div>
                        <p
                          className=""
                          data-ouia-component-id="OUIA-Generated-Text-9"
                          data-ouia-component-type="PF4/Text"
                          data-ouia-safe={true}
                          data-pf-content={true}
                        >
                          Credentials Storage Component
                        </p>
                      </div>
                    </div>
                    <div
                      className="pf-c-form__group"
                    >
                      <div
                        className="pf-c-form__group-label"
                      >
                        <label
                          className="pf-c-form__label"
                        >
                          <span
                            className="pf-c-form__label-text"
                          >
                            <h2
                              className="pf-c-title pf-m-lg"
                              data-ouia-component-id="OUIA-Generated-Title-10"
                              data-ouia-component-type="PF4/Title"
                              data-ouia-safe={true}
                            >
                              Feature Level
                            </h2>
                          </span>
                        </label>
                         
                      </div>
                      <div
                        className="pf-c-form__group-control"
                      >
                        <div
                          className="pf-c-helper-text"
                        >
                          <div
                            className="pf-c-helper-text__item"
                          >
                            <span
                              className="pf-c-helper-text__item-text"
                            >
                              Control which graphical features appear in the application.
                            </span>
                          </div>
                        </div>
                        <p
                          className=""
                          data-ouia-component-id="OUIA-Generated-Text-10"
                          data-ouia-component-type="PF4/Text"
                          data-ouia-safe={true}
                          data-pf-content={true}
                        >
                          Feature Levels Component
                        </p>
                      </div>
                    </div>
                  </form>
                </div>
              </div>
            </div>
          </div>
        </article>
      </div>
      <div
        className="pf-l-stack__item"
      />
    </div>
  </section>
</div>
`;
