// Jest Snapshot v1, https://jestjs.io/docs/snapshot-testing

exports[`<LoadingView /> renders correctly 1`] = `
<div>
  <div
    class="pf-v6-l-bullseye"
  >
    <div
      class="pf-v6-c-empty-state"
    >
      <div
        class="pf-v6-c-empty-state__content"
      >
        <div
          class="pf-v6-c-empty-state__header"
        >
          <div
            class="pf-v6-c-empty-state__icon"
          >
            <svg
              aria-hidden="false"
              aria-label="Contents"
              aria-valuetext="Loading..."
              class="pf-v6-c-spinner pf-m-xl"
              role="progressbar"
              viewBox="0 0 100 100"
            >
              <circle
                class="pf-v6-c-spinner__path"
                cx="50"
                cy="50"
                fill="none"
                r="45"
              />
            </svg>
          </div>
          <div
            class="pf-v6-c-empty-state__title"
          >
            <h2
              class="pf-v6-c-empty-state__title-text"
            >
              Loading
            </h2>
          </div>
        </div>
      </div>
    </div>
  </div>
</div>
`;
