// Jest Snapshot v1, https://goo.gl/fbAQLP

exports[`<LoadingView /> renders correctly 1`] = `
<div
  className="pf-v5-l-bullseye"
>
  <div
    className="pf-v5-c-empty-state"
  >
    <div
      className="pf-v5-c-empty-state__content"
    >
      <div
        className="pf-v5-c-empty-state__header"
      >
        <div
          className="pf-v5-c-empty-state__icon"
        >
          <svg
            aria-hidden={false}
            aria-label="Contents"
            aria-valuetext="Loading..."
            className="pf-v5-c-spinner pf-m-xl"
            role="progressbar"
            viewBox="0 0 100 100"
          >
            <circle
              className="pf-v5-c-spinner__path"
              cx="50"
              cy="50"
              fill="none"
              r="45"
            />
          </svg>
        </div>
        <div
          className="pf-v5-c-empty-state__title"
        >
          <h2
            className="pf-v5-c-empty-state__title-text"
          >
            Loading
          </h2>
        </div>
      </div>
    </div>
  </div>
</div>
`;
