// Jest Snapshot v1, https://goo.gl/fbAQLP

exports[`<Rules /> renders correctly 1`] = `
Array [
  <h2>
    Unexpected Application Error!
  </h2>,
  <h3
    style={
      Object {
        "fontStyle": "italic",
      }
    }
  >
    Invariant failed: You should not use &lt;Link&gt; outside a &lt;Router&gt;
  </h3>,
  <pre
    style={
      Object {
        "backgroundColor": "rgba(200,200,200, 0.5)",
        "padding": "0.5rem",
      }
    }
  >
    Error: Invariant failed: You should not use &lt;Link&gt; outside a &lt;Router&gt;
    at invariant (/home/thvo/workspace/cryostat-web/node_modules/tiny-invariant/dist/tiny-invariant.cjs.js:14:11)
    at /home/thvo/workspace/cryostat-web/node_modules/react-router-dom/modules/Link.js:89:11
    at updateContextConsumer (/home/thvo/workspace/cryostat-web/node_modules/react-test-renderer/cjs/react-test-renderer.development.js:9665:19)
    at beginWork (/home/thvo/workspace/cryostat-web/node_modules/react-test-renderer/cjs/react-test-renderer.development.js:10031:14)
    at performUnitOfWork (/home/thvo/workspace/cryostat-web/node_modules/react-test-renderer/cjs/react-test-renderer.development.js:13800:12)
    at workLoopSync (/home/thvo/workspace/cryostat-web/node_modules/react-test-renderer/cjs/react-test-renderer.development.js:13728:5)
    at renderRootSync (/home/thvo/workspace/cryostat-web/node_modules/react-test-renderer/cjs/react-test-renderer.development.js:13691:7)
    at performSyncWorkOnRoot (/home/thvo/workspace/cryostat-web/node_modules/react-test-renderer/cjs/react-test-renderer.development.js:13404:18)
    at /home/thvo/workspace/cryostat-web/node_modules/react-test-renderer/cjs/react-test-renderer.development.js:2537:26
    at unstable_runWithPriority (/home/thvo/workspace/cryostat-web/node_modules/scheduler/cjs/scheduler.development.js:468:12)
    at runWithPriority (/home/thvo/workspace/cryostat-web/node_modules/react-test-renderer/cjs/react-test-renderer.development.js:2486:10)
    at flushSyncCallbackQueueImpl (/home/thvo/workspace/cryostat-web/node_modules/react-test-renderer/cjs/react-test-renderer.development.js:2532:9)
    at flushSyncCallbackQueue (/home/thvo/workspace/cryostat-web/node_modules/react-test-renderer/cjs/react-test-renderer.development.js:2519:3)
    at scheduleUpdateOnFiber (/home/thvo/workspace/cryostat-web/node_modules/react-test-renderer/cjs/react-test-renderer.development.js:13004:9)
    at updateContainer (/home/thvo/workspace/cryostat-web/node_modules/react-test-renderer/cjs/react-test-renderer.development.js:16454:3)
    at Object.create (/home/thvo/workspace/cryostat-web/node_modules/react-test-renderer/cjs/react-test-renderer.development.js:17149:3)
    at renderSnapshot (/home/thvo/workspace/cryostat-web/src/test/utils.tsx:101:19)
    at /home/thvo/workspace/cryostat-web/src/test/Rules/Rules.test.tsx:100:32
    at step (/home/thvo/workspace/cryostat-web/node_modules/tslib/tslib.js:195:27)
    at Object.next (/home/thvo/workspace/cryostat-web/node_modules/tslib/tslib.js:176:57)
    at /home/thvo/workspace/cryostat-web/node_modules/tslib/tslib.js:169:75
    at new Promise (&lt;anonymous&gt;)
    at Object.__awaiter (/home/thvo/workspace/cryostat-web/node_modules/tslib/tslib.js:165:16)
    at Object.&lt;anonymous&gt; (/home/thvo/workspace/cryostat-web/src/test/Rules/Rules.test.tsx:99:27)
    at Promise.then.completed (/home/thvo/workspace/cryostat-web/node_modules/jest-circus/build/utils.js:391:28)
    at new Promise (&lt;anonymous&gt;)
    at callAsyncCircusFn (/home/thvo/workspace/cryostat-web/node_modules/jest-circus/build/utils.js:316:10)
    at _callCircusTest (/home/thvo/workspace/cryostat-web/node_modules/jest-circus/build/run.js:218:40)
    at processTicksAndRejections (node:internal/process/task_queues:95:5)
    at _runTest (/home/thvo/workspace/cryostat-web/node_modules/jest-circus/build/run.js:155:3)
    at _runTestsForDescribeBlock (/home/thvo/workspace/cryostat-web/node_modules/jest-circus/build/run.js:66:9)
    at _runTestsForDescribeBlock (/home/thvo/workspace/cryostat-web/node_modules/jest-circus/build/run.js:60:9)
    at run (/home/thvo/workspace/cryostat-web/node_modules/jest-circus/build/run.js:25:3)
    at runAndTransformResultsToJestFormat (/home/thvo/workspace/cryostat-web/node_modules/jest-circus/build/legacy-code-todo-rewrite/jestAdapterInit.js:170:21)
    at jestAdapter (/home/thvo/workspace/cryostat-web/node_modules/jest-circus/build/legacy-code-todo-rewrite/jestAdapter.js:82:19)
    at runTestInternal (/home/thvo/workspace/cryostat-web/node_modules/jest-runner/build/runTest.js:389:16)
    at runTest (/home/thvo/workspace/cryostat-web/node_modules/jest-runner/build/runTest.js:475:34)
    at Object.worker (/home/thvo/workspace/cryostat-web/node_modules/jest-runner/build/testWorker.js:133:12)
  </pre>,
  <p>
    💿 Hey developer 👋
  </p>,
  <p>
    You can provide a way better UX than this when your app throws errors by providing your own 
    <code
      style={
        Object {
          "backgroundColor": "rgba(200,200,200, 0.5)",
          "padding": "2px 4px",
        }
      }
    >
      ErrorBoundary
    </code>
     or
     
    <code
      style={
        Object {
          "backgroundColor": "rgba(200,200,200, 0.5)",
          "padding": "2px 4px",
        }
      }
    >
      errorElement
    </code>
     prop on your route.
  </p>,
]
`;
