// Jest Snapshot v1, https://jestjs.io/docs/snapshot-testing

exports[`<About /> renders correctly 1`] = `
<div>
  <div>
    About
    <div
      class="pf-v6-c-card"
      data-ouia-component-id="OUIA-Generated-Card-1"
      data-ouia-component-type="PF6/Card"
      data-ouia-safe="true"
      id=""
    >
      <div
        class="pf-v6-c-card__header"
      >
        <div
          class="pf-v6-c-card__header-main"
        >
          <img
            alt="Cryostat"
            class="pf-v6-c-brand cryostat-logo"
            src="test-file-stub"
          />
        </div>
      </div>
      <div
        class="pf-v6-c-card__body"
      >
        <div>
          AboutDescription
        </div>
      </div>
      <div
        class="pf-v6-c-card__footer"
      >
        Copyright The Cryostat Authors, The Apache License, Version 2.0
      </div>
    </div>
  </div>
</div>
`;
