// Jest Snapshot v1, https://jestjs.io/docs/snapshot-testing

exports[`<AboutDescription /> renders correctly 1`] = `
<div>
  <div
    class="pf-v6-c-content"
    data-ouia-component-id="OUIA-Generated-Content-:r0:"
    data-ouia-component-type="PF6/Content"
    data-ouia-safe="true"
    data-pf-content="true"
  >
    <dl
      class="pf-v6-c-content--dl"
      data-ouia-component-id="OUIA-Generated-Content-:r1:"
      data-ouia-component-type="PF6/Content"
      data-ouia-safe="true"
      data-pf-content="true"
    >
      <dt
        class="pf-v6-c-content--dt"
        data-ouia-component-id="OUIA-Generated-Content-:r2:"
        data-ouia-component-type="PF6/Content"
        data-ouia-safe="true"
        data-pf-content="true"
      >
        Version
      </dt>
      <dd
        class="pf-v6-c-content--dd"
        data-ouia-component-id="OUIA-Generated-Content-:r3:"
        data-ouia-component-type="PF6/Content"
        data-ouia-safe="true"
        data-pf-content="true"
      >
        <a
          class="pf-v6-c-content--a"
          data-ouia-component-id="OUIA-Generated-Content-:r4:"
          data-ouia-component-type="PF6/Content"
          data-ouia-safe="true"
          data-pf-content="true"
          href="https://github.com/cryostatio/cryostat/releases/tag/v1.2.3"
          target="_blank"
        >
          v1.2.3-snapshot
        </a>
      </dd>
      <dt
        class="pf-v6-c-content--dt"
        data-ouia-component-id="OUIA-Generated-Content-:r5:"
        data-ouia-component-type="PF6/Content"
        data-ouia-safe="true"
        data-pf-content="true"
      >
        Build Information
      </dt>
      <dd
        class="pf-v6-c-content--dd"
        data-ouia-component-id="OUIA-Generated-Content-:r6:"
        data-ouia-component-type="PF6/Content"
        data-ouia-safe="true"
        data-pf-content="true"
      >
        <a
          class="pf-v6-c-content--a"
          data-ouia-component-id="OUIA-Generated-Content-:r7:"
          data-ouia-component-type="PF6/Content"
          data-ouia-safe="true"
          data-pf-content="true"
          href="https://github.com/cryostatio/cryostat/commit/abcd1234"
          target="_blank"
        >
          commit abcd1234
        </a>
      </dd>
      <dt
        class="pf-v6-c-content--dt"
        data-ouia-component-id="OUIA-Generated-Content-:r8:"
        data-ouia-component-type="PF6/Content"
        data-ouia-safe="true"
        data-pf-content="true"
      >
        Homepage
      </dt>
      <dd
        class="pf-v6-c-content--dd"
        data-ouia-component-id="OUIA-Generated-Content-:r9:"
        data-ouia-component-type="PF6/Content"
        data-ouia-safe="true"
        data-pf-content="true"
      >
        <a
          class="pf-v6-c-content--a"
          data-ouia-component-id="OUIA-Generated-Content-:ra:"
          data-ouia-component-type="PF6/Content"
          data-ouia-safe="true"
          data-pf-content="true"
          href="https://cryostat.io"
          target="_blank"
        >
          cryostat.io
        </a>
      </dd>
      <dt
        class="pf-v6-c-content--dt"
        data-ouia-component-id="OUIA-Generated-Content-:rb:"
        data-ouia-component-type="PF6/Content"
        data-ouia-safe="true"
        data-pf-content="true"
      >
        Bugs
      </dt>
      <dd
        class="pf-v6-c-content--dd"
        data-ouia-component-id="OUIA-Generated-Content-:rc:"
        data-ouia-component-type="PF6/Content"
        data-ouia-safe="true"
        data-pf-content="true"
      >
        <p
          class="pf-v6-c-content--p"
          data-ouia-component-id="OUIA-Generated-Content-:rd:"
          data-ouia-component-type="PF6/Content"
          data-ouia-safe="true"
          data-pf-content="true"
        >
          <a
            class="pf-v6-c-content--a"
            data-ouia-component-id="OUIA-Generated-Content-:re:"
            data-ouia-component-type="PF6/Content"
            data-ouia-safe="true"
            data-pf-content="true"
            href="https://github.com/cryostatio/cryostat/issues"
            target="_blank"
          >
            Known issues
          </a>
           | 
          <a
            class="pf-v6-c-content--a"
            data-ouia-component-id="OUIA-Generated-Content-:rf:"
            data-ouia-component-type="PF6/Content"
            data-ouia-safe="true"
            data-pf-content="true"
            href="https://github.com/cryostatio/cryostat/issues/new?labels=user+report,bug&body=Affects+v1.2.3-snapshot"
            target="_blank"
          >
            File a report
          </a>
        </p>
      </dd>
      <dt
        class="pf-v6-c-content--dt"
        data-ouia-component-id="OUIA-Generated-Content-:rg:"
        data-ouia-component-type="PF6/Content"
        data-ouia-safe="true"
        data-pf-content="true"
      >
        Mailing list
      </dt>
      <dd
        class="pf-v6-c-content--dd"
        data-ouia-component-id="OUIA-Generated-Content-:rh:"
        data-ouia-component-type="PF6/Content"
        data-ouia-safe="true"
        data-pf-content="true"
      >
        <a
          class="pf-v6-c-content--a"
          data-ouia-component-id="OUIA-Generated-Content-:ri:"
          data-ouia-component-type="PF6/Content"
          data-ouia-safe="true"
          data-pf-content="true"
          href="https://groups.google.com/g/cryostat-development"
          target="_blank"
        >
          Google Groups
        </a>
      </dd>
      <dt
        class="pf-v6-c-content--dt"
        data-ouia-component-id="OUIA-Generated-Content-:rj:"
        data-ouia-component-type="PF6/Content"
        data-ouia-safe="true"
        data-pf-content="true"
      >
        Open source license
      </dt>
      <dd
        class="pf-v6-c-content--dd"
        data-ouia-component-id="OUIA-Generated-Content-:rk:"
        data-ouia-component-type="PF6/Content"
        data-ouia-safe="true"
        data-pf-content="true"
      >
        <a
          class="pf-v6-c-content--a"
          data-ouia-component-id="OUIA-Generated-Content-:rl:"
          data-ouia-component-type="PF6/Content"
          data-ouia-safe="true"
          data-pf-content="true"
          href="https://github.com/cryostatio/cryostat/blob/main/LICENSE.txt"
          target="_blank"
        >
          License
        </a>
      </dd>
    </dl>
  </div>
</div>
`;
