// Jest Snapshot v1, https://jestjs.io/docs/snapshot-testing

exports[`<EventTypes /> renders correctly 1`] = `
<div>
  <div
    class="pf-v6-c-toolbar"
    data-ouia-component-id="OUIA-Generated-Toolbar-37"
    data-ouia-component-type="PF6/Toolbar"
    data-ouia-safe="true"
    id="event-types-toolbar"
  >
    <div
      class="pf-v6-c-toolbar__content"
    >
      <div
        class="pf-v6-c-toolbar__content-section"
      >
        <div
          class="pf-v6-c-toolbar__item"
        >
          <div
            class="pf-v6-c-text-input-group"
            id="eventFilter"
            style="min-width: 38ch;"
            type="search"
          >
            <div
              class="pf-v6-c-text-input-group__main pf-m-icon"
            >
              <span
                class="pf-v6-c-text-input-group__text"
              >
                <span
                  class="pf-v6-c-text-input-group__icon"
                >
                  <svg
                    aria-hidden="true"
                    class="pf-v6-svg"
                    fill="currentColor"
                    height="1em"
                    role="img"
                    width="1em"
                  >
                    <svg
                      class="pf-v6-icon-default"
                      viewBox="0 0 512 512"
                    >
                      <path
                        d="M505 442.7L405.3 343c-4.5-4.5-10.6-7-17-7H372c27.6-35.3 44-79.7 44-128C416 93.1 322.9 0 208 0S0 93.1 0 208s93.1 208 208 208c48.3 0 92.7-16.4 128-44v16.3c0 6.4 2.5 12.5 7 17l99.7 99.7c9.4 9.4 24.6 9.4 33.9 0l28.3-28.3c9.4-9.4 9.4-24.6.1-34zM208 336c-70.7 0-128-57.2-128-128 0-70.7 57.2-128 128-128 70.7 0 128 57.2 128 128 0 70.7-57.2 128-128 128z"
                      />
                    </svg>
                    <svg
                      class="pf-v6-icon-rh-ui"
                      viewBox="0 0 32 32"
                    >
                      <path
                        d="m30.796 29.205-8.557-8.557A11.945 11.945 0 0 0 25 13c0-6.617-5.383-12-12-12S1 6.383 1 13s5.383 12 12 12c2.904 0 5.57-1.038 7.648-2.761l8.556 8.556a1.122 1.122 0 0 0 1.592 0 1.127 1.127 0 0 0 0-1.591ZM3 13C3 7.486 7.486 3 13 3s10 4.486 10 10-4.486 10-10 10S3 18.514 3 13Z"
                      />
                    </svg>
                  </svg>
                </span>
                <input
                  aria-label="event-type-search-input"
                  class="pf-v6-c-text-input-group__text-input"
                  name="eventFilter"
                  placeholder="Find by name, typeId, or description..."
                  type="text"
                  value=""
                />
              </span>
            </div>
          </div>
        </div>
        <div
          class="pf-v6-c-toolbar__item pf-m-pagination"
        >
          <div
            class="pf-v6-c-pagination"
            data-ouia-component-id="OUIA-Generated-Pagination-top-38"
            data-ouia-component-type="PF6/Pagination"
            data-ouia-safe="true"
            id="event-types-pagination-top-pagination"
            style="--pf-v6-c-pagination__nav-page-select--c-form-control--width-chars: 2;"
          >
            <div
              class="pf-v6-c-pagination__total-items"
            >
              <b>
                1
                 - 
                1
              </b>
               
              of
               
              <b>
                1
              </b>
               
              
            </div>
            <div
              class="pf-v6-c-pagination__page-menu"
            >
              <button
                aria-expanded="false"
                aria-haspopup="listbox"
                class="pf-v6-c-menu-toggle pf-m-plain pf-m-text"
                data-ouia-component-id="OUIA-Generated-MenuToggle-plainText-40"
                data-ouia-component-type="PF6/MenuToggle"
                data-ouia-safe="true"
                id="event-types-pagination-top-toggle"
                type="button"
              >
                <span
                  class="pf-v6-c-menu-toggle__text"
                >
                  <b>
                    1
                     - 
                    1
                  </b>
                   
                  of
                   
                  <b>
                    1
                  </b>
                   
                  
                </span>
                <span
                  class="pf-v6-c-menu-toggle__controls"
                >
                  <span
                    class="pf-v6-c-menu-toggle__toggle-icon"
                  >
                    <svg
                      aria-hidden="true"
                      class="pf-v6-svg"
                      fill="currentColor"
                      height="1em"
                      role="img"
                      width="1em"
                    >
                      <svg
                        class="pf-v6-icon-default"
                        viewBox="0 0 320 512"
                      >
                        <path
                          d="M31.3 192h257.3c17.8 0 26.7 21.5 14.1 34.1L174.1 354.8c-7.8 7.8-20.5 7.8-28.3 0L17.2 226.1C4.6 213.5 13.5 192 31.3 192z"
                        />
                      </svg>
                      <svg
                        class="pf-v6-icon-rh-ui"
                        viewBox="0 0 32 32"
                      >
                        <path
                          d="M16 24.792c-.384 0-.769-.146-1.061-.438L2.293 11.707a.999.999 0 1 1 1.414-1.414L16 22.586l12.293-12.293a.999.999 0 1 1 1.414 1.414L17.061 24.353a1.497 1.497 0 0 1-1.061.438Z"
                        />
                      </svg>
                    </svg>
                  </span>
                </span>
              </button>
            </div>
            <nav
              aria-label="Pagination"
              class="pf-v6-c-pagination__nav"
            >
              <div
                class="pf-v6-c-pagination__nav-control pf-m-first"
              >
                <button
                  aria-label="Go to first page"
                  class="pf-v6-c-button pf-m-plain"
                  data-action="first"
                  data-ouia-component-id="OUIA-Generated-Button-plain-41"
                  data-ouia-component-type="PF6/Button"
                  data-ouia-safe="true"
                  disabled=""
                  type="button"
                >
                  <span
                    class="pf-v6-c-button__icon"
                  >
                    <svg
                      aria-hidden="true"
                      class="pf-v6-svg"
                      fill="currentColor"
                      height="1em"
                      role="img"
                      width="1em"
                    >
                      <svg
                        class="pf-v6-icon-default"
                        viewBox="0 0 448 512"
                      >
                        <path
                          d="M223.7 239l136-136c9.4-9.4 24.6-9.4 33.9 0l22.6 22.6c9.4 9.4 9.4 24.6 0 33.9L319.9 256l96.4 96.4c9.4 9.4 9.4 24.6 0 33.9L393.7 409c-9.4 9.4-24.6 9.4-33.9 0l-136-136c-9.5-9.4-9.5-24.6-.1-34zm-192 34l136 136c9.4 9.4 24.6 9.4 33.9 0l22.6-22.6c9.4-9.4 9.4-24.6 0-33.9L127.9 256l96.4-96.4c9.4-9.4 9.4-24.6 0-33.9L201.7 103c-9.4-9.4-24.6-9.4-33.9 0l-136 136c-9.5 9.4-9.5 24.6-.1 34z"
                        />
                      </svg>
                      <svg
                        class="pf-v6-icon-rh-ui"
                        viewBox="0 0 32 32"
                      >
                        <path
                          d="M15.707 28.293a.999.999 0 1 1-1.414 1.414L1.646 17.061a1.501 1.501 0 0 1 0-2.121L14.293 2.293a.999.999 0 1 1 1.414 1.414L3.414 16l12.293 12.293ZM17.414 16 29.707 3.707a.999.999 0 1 0-1.414-1.414L15.647 14.939a1.501 1.501 0 0 0 0 2.121l12.646 12.646a.997.997 0 0 0 1.414 0 .999.999 0 0 0 0-1.414L17.414 15.999Z"
                        />
                      </svg>
                    </svg>
                  </span>
                </button>
              </div>
              <div
                class="pf-v6-c-pagination__nav-control"
              >
                <button
                  aria-label="Go to previous page"
                  class="pf-v6-c-button pf-m-plain"
                  data-action="previous"
                  data-ouia-component-id="OUIA-Generated-Button-plain-42"
                  data-ouia-component-type="PF6/Button"
                  data-ouia-safe="true"
                  disabled=""
                  type="button"
                >
                  <span
                    class="pf-v6-c-button__icon"
                  >
                    <svg
                      aria-hidden="true"
                      class="pf-v6-svg"
                      fill="currentColor"
                      height="1em"
                      role="img"
                      width="1em"
                    >
                      <svg
                        class="pf-v6-icon-default"
                        viewBox="0 0 256 512"
                      >
                        <path
                          d="M31.7 239l136-136c9.4-9.4 24.6-9.4 33.9 0l22.6 22.6c9.4 9.4 9.4 24.6 0 33.9L127.9 256l96.4 96.4c9.4 9.4 9.4 24.6 0 33.9L201.7 409c-9.4 9.4-24.6 9.4-33.9 0l-136-136c-9.5-9.4-9.5-24.6-.1-34z"
                        />
                      </svg>
                      <svg
                        class="pf-v6-icon-rh-ui"
                        viewBox="0 0 32 32"
                      >
                        <path
                          d="M21 30a.997.997 0 0 1-.707-.293L7.647 17.061a1.501 1.501 0 0 1 0-2.121L20.293 2.293a.999.999 0 1 1 1.414 1.414L9.414 16l12.293 12.293A.999.999 0 0 1 21 30Z"
                        />
                      </svg>
                    </svg>
                  </span>
                </button>
              </div>
              <div
                class="pf-v6-c-pagination__nav-page-select"
              >
                <span
                  class="pf-v6-c-form-control pf-m-disabled"
                >
                  <input
                    aria-invalid="false"
                    aria-label="Current page"
                    data-ouia-component-id="OUIA-Generated-TextInputBase-44"
                    data-ouia-component-type="PF6/TextInput"
                    data-ouia-safe="true"
                    disabled=""
                    max="1"
                    min="1"
                    type="number"
                    value="1"
                  />
                </span>
                <span
                  aria-hidden="true"
                >
                  of
                   
                  1
                </span>
              </div>
              <div
                class="pf-v6-c-pagination__nav-control"
              >
                <button
                  aria-label="Go to next page"
                  class="pf-v6-c-button pf-m-plain"
                  data-action="next"
                  data-ouia-component-id="OUIA-Generated-Button-plain-45"
                  data-ouia-component-type="PF6/Button"
                  data-ouia-safe="true"
                  disabled=""
                  type="button"
                >
                  <span
                    class="pf-v6-c-button__icon"
                  >
                    <svg
                      aria-hidden="true"
                      class="pf-v6-svg"
                      fill="currentColor"
                      height="1em"
                      role="img"
                      width="1em"
                    >
                      <svg
                        class="pf-v6-icon-default"
                        viewBox="0 0 256 512"
                      >
                        <path
                          d="M224.3 273l-136 136c-9.4 9.4-24.6 9.4-33.9 0l-22.6-22.6c-9.4-9.4-9.4-24.6 0-33.9l96.4-96.4-96.4-96.4c-9.4-9.4-9.4-24.6 0-33.9L54.3 103c9.4-9.4 24.6-9.4 33.9 0l136 136c9.5 9.4 9.5 24.6.1 34z"
                        />
                      </svg>
                      <svg
                        class="pf-v6-icon-rh-ui"
                        viewBox="0 0 32 32"
                      >
                        <path
                          d="M11 30a.999.999 0 0 1-.707-1.707L22.586 16 10.293 3.707a.999.999 0 1 1 1.414-1.414l12.646 12.646a1.501 1.501 0 0 1 0 2.121L11.707 29.706a.997.997 0 0 1-.707.293Z"
                        />
                      </svg>
                    </svg>
                  </span>
                </button>
              </div>
              <div
                class="pf-v6-c-pagination__nav-control pf-m-last"
              >
                <button
                  aria-label="Go to last page"
                  class="pf-v6-c-button pf-m-plain"
                  data-action="last"
                  data-ouia-component-id="OUIA-Generated-Button-plain-46"
                  data-ouia-component-type="PF6/Button"
                  data-ouia-safe="true"
                  disabled=""
                  type="button"
                >
                  <span
                    class="pf-v6-c-button__icon"
                  >
                    <svg
                      aria-hidden="true"
                      class="pf-v6-svg"
                      fill="currentColor"
                      height="1em"
                      role="img"
                      width="1em"
                    >
                      <svg
                        class="pf-v6-icon-default"
                        viewBox="0 0 448 512"
                      >
                        <path
                          d="M224.3 273l-136 136c-9.4 9.4-24.6 9.4-33.9 0l-22.6-22.6c-9.4-9.4-9.4-24.6 0-33.9l96.4-96.4-96.4-96.4c-9.4-9.4-9.4-24.6 0-33.9L54.3 103c9.4-9.4 24.6-9.4 33.9 0l136 136c9.5 9.4 9.5 24.6.1 34zm192-34l-136-136c-9.4-9.4-24.6-9.4-33.9 0l-22.6 22.6c-9.4 9.4-9.4 24.6 0 33.9l96.4 96.4-96.4 96.4c-9.4 9.4-9.4 24.6 0 33.9l22.6 22.6c9.4 9.4 24.6 9.4 33.9 0l136-136c9.4-9.2 9.4-24.4 0-33.8z"
                        />
                      </svg>
                      <svg
                        class="pf-v6-icon-rh-ui"
                        viewBox="0 0 32 32"
                      >
                        <path
                          d="M30.354 17.061 17.708 29.707a.997.997 0 0 1-1.414 0 .999.999 0 0 1 0-1.414L28.587 16 16.293 3.707a.999.999 0 1 1 1.414-1.414l12.646 12.646a1.501 1.501 0 0 1 0 2.121Zm-14-2.122L3.707 2.293a.999.999 0 1 0-1.414 1.414L14.586 16 2.293 28.293a.999.999 0 1 0 1.414 1.414l12.646-12.646a1.501 1.501 0 0 0 0-2.121Z"
                        />
                      </svg>
                    </svg>
                  </span>
                </button>
              </div>
            </nav>
          </div>
        </div>
      </div>
    </div>
    <div
      class="pf-v6-c-toolbar__content pf-m-hidden"
      hidden=""
    >
      <div
        class="pf-v6-c-toolbar__group"
      />
    </div>
  </div>
  <table
    aria-label="Event types Table"
    class="pf-v6-c-table pf-m-grid-md pf-m-compact"
    data-ouia-component-id="OUIA-Generated-Table-47"
    data-ouia-component-type="PF6/Table"
    data-ouia-safe="true"
    role="grid"
  >
    <thead
      class="pf-v6-c-table__thead"
    >
      <tr
        class="pf-v6-c-table__tr"
        data-ouia-component-id="OUIA-Generated-TableRow-48"
        data-ouia-component-type="PF6/TableRow"
        data-ouia-safe="true"
      >
        <th
          class="pf-v6-c-table__th"
          scope="col"
          tabindex="-1"
        />
        <th
          class="pf-v6-c-table__th pf-v6-c-table__sort"
          scope="col"
          tabindex="-1"
        >
          <button
            class="pf-v6-c-table__button"
            type="button"
          >
            <div
              class="pf-v6-c-table__button-content"
            >
              <span
                class="pf-v6-c-table__text"
              >
                Name
              </span>
              <span
                class="pf-v6-c-table__sort-indicator"
              >
                <svg
                  aria-hidden="true"
                  class="pf-v6-svg"
                  fill="currentColor"
                  height="1em"
                  role="img"
                  width="1em"
                >
                  <svg
                    class="pf-v6-icon-default"
                    viewBox="0 0 256 512"
                  >
                    <path
                      d="M214.059 377.941H168V134.059h46.059c21.382 0 32.09-25.851 16.971-40.971L144.971 7.029c-9.373-9.373-24.568-9.373-33.941 0L24.971 93.088c-15.119 15.119-4.411 40.971 16.971 40.971H88v243.882H41.941c-21.382 0-32.09 25.851-16.971 40.971l86.059 86.059c9.373 9.373 24.568 9.373 33.941 0l86.059-86.059c15.12-15.119 4.412-40.971-16.97-40.971z"
                    />
                  </svg>
                  <svg
                    class="pf-v6-icon-rh-ui"
                    viewBox="0 0 32 32"
                  >
                    <path
                      d="M21.293 23.293 17 27.586V4.414l4.293 4.293a.997.997 0 0 0 1.414 0 .999.999 0 0 0 0-1.414l-5.646-5.646a1.5 1.5 0 0 0-2.121 0L9.294 7.293a.999.999 0 1 0 1.414 1.414l4.293-4.293v23.172l-4.293-4.293a.999.999 0 1 0-1.414 1.414l5.646 5.646c.292.293.676.438 1.061.438s.768-.146 1.061-.438l5.646-5.646a.999.999 0 1 0-1.414-1.414Z"
                    />
                  </svg>
                </svg>
              </span>
            </div>
          </button>
        </th>
        <th
          class="pf-v6-c-table__th pf-v6-c-table__sort"
          scope="col"
          tabindex="-1"
        >
          <button
            class="pf-v6-c-table__button"
            type="button"
          >
            <div
              class="pf-v6-c-table__button-content"
            >
              <span
                class="pf-v6-c-table__text"
              >
                Type ID
              </span>
              <span
                class="pf-v6-c-table__sort-indicator"
              >
                <svg
                  aria-hidden="true"
                  class="pf-v6-svg"
                  fill="currentColor"
                  height="1em"
                  role="img"
                  width="1em"
                >
                  <svg
                    class="pf-v6-icon-default"
                    viewBox="0 0 256 512"
                  >
                    <path
                      d="M214.059 377.941H168V134.059h46.059c21.382 0 32.09-25.851 16.971-40.971L144.971 7.029c-9.373-9.373-24.568-9.373-33.941 0L24.971 93.088c-15.119 15.119-4.411 40.971 16.971 40.971H88v243.882H41.941c-21.382 0-32.09 25.851-16.971 40.971l86.059 86.059c9.373 9.373 24.568 9.373 33.941 0l86.059-86.059c15.12-15.119 4.412-40.971-16.97-40.971z"
                    />
                  </svg>
                  <svg
                    class="pf-v6-icon-rh-ui"
                    viewBox="0 0 32 32"
                  >
                    <path
                      d="M21.293 23.293 17 27.586V4.414l4.293 4.293a.997.997 0 0 0 1.414 0 .999.999 0 0 0 0-1.414l-5.646-5.646a1.5 1.5 0 0 0-2.121 0L9.294 7.293a.999.999 0 1 0 1.414 1.414l4.293-4.293v23.172l-4.293-4.293a.999.999 0 1 0-1.414 1.414l5.646 5.646c.292.293.676.438 1.061.438s.768-.146 1.061-.438l5.646-5.646a.999.999 0 1 0-1.414-1.414Z"
                    />
                  </svg>
                </svg>
              </span>
            </div>
          </button>
        </th>
        <th
          class="pf-v6-c-table__th pf-v6-c-table__sort"
          scope="col"
          tabindex="-1"
        >
          <button
            class="pf-v6-c-table__button"
            type="button"
          >
            <div
              class="pf-v6-c-table__button-content"
            >
              <span
                class="pf-v6-c-table__text"
              >
                Description
              </span>
              <span
                class="pf-v6-c-table__sort-indicator"
              >
                <svg
                  aria-hidden="true"
                  class="pf-v6-svg"
                  fill="currentColor"
                  height="1em"
                  role="img"
                  width="1em"
                >
                  <svg
                    class="pf-v6-icon-default"
                    viewBox="0 0 256 512"
                  >
                    <path
                      d="M214.059 377.941H168V134.059h46.059c21.382 0 32.09-25.851 16.971-40.971L144.971 7.029c-9.373-9.373-24.568-9.373-33.941 0L24.971 93.088c-15.119 15.119-4.411 40.971 16.971 40.971H88v243.882H41.941c-21.382 0-32.09 25.851-16.971 40.971l86.059 86.059c9.373 9.373 24.568 9.373 33.941 0l86.059-86.059c15.12-15.119 4.412-40.971-16.97-40.971z"
                    />
                  </svg>
                  <svg
                    class="pf-v6-icon-rh-ui"
                    viewBox="0 0 32 32"
                  >
                    <path
                      d="M21.293 23.293 17 27.586V4.414l4.293 4.293a.997.997 0 0 0 1.414 0 .999.999 0 0 0 0-1.414l-5.646-5.646a1.5 1.5 0 0 0-2.121 0L9.294 7.293a.999.999 0 1 0 1.414 1.414l4.293-4.293v23.172l-4.293-4.293a.999.999 0 1 0-1.414 1.414l5.646 5.646c.292.293.676.438 1.061.438s.768-.146 1.061-.438l5.646-5.646a.999.999 0 1 0-1.414-1.414Z"
                    />
                  </svg>
                </svg>
              </span>
            </div>
          </button>
        </th>
        <th
          class="pf-v6-c-table__th pf-v6-c-table__sort"
          scope="col"
          tabindex="-1"
        >
          <button
            class="pf-v6-c-table__button"
            type="button"
          >
            <div
              class="pf-v6-c-table__button-content"
            >
              <span
                class="pf-v6-c-table__text"
              >
                Categories
              </span>
              <span
                class="pf-v6-c-table__sort-indicator"
              >
                <svg
                  aria-hidden="true"
                  class="pf-v6-svg"
                  fill="currentColor"
                  height="1em"
                  role="img"
                  width="1em"
                >
                  <svg
                    class="pf-v6-icon-default"
                    viewBox="0 0 256 512"
                  >
                    <path
                      d="M214.059 377.941H168V134.059h46.059c21.382 0 32.09-25.851 16.971-40.971L144.971 7.029c-9.373-9.373-24.568-9.373-33.941 0L24.971 93.088c-15.119 15.119-4.411 40.971 16.971 40.971H88v243.882H41.941c-21.382 0-32.09 25.851-16.971 40.971l86.059 86.059c9.373 9.373 24.568 9.373 33.941 0l86.059-86.059c15.12-15.119 4.412-40.971-16.97-40.971z"
                    />
                  </svg>
                  <svg
                    class="pf-v6-icon-rh-ui"
                    viewBox="0 0 32 32"
                  >
                    <path
                      d="M21.293 23.293 17 27.586V4.414l4.293 4.293a.997.997 0 0 0 1.414 0 .999.999 0 0 0 0-1.414l-5.646-5.646a1.5 1.5 0 0 0-2.121 0L9.294 7.293a.999.999 0 1 0 1.414 1.414l4.293-4.293v23.172l-4.293-4.293a.999.999 0 1 0-1.414 1.414l5.646 5.646c.292.293.676.438 1.061.438s.768-.146 1.061-.438l5.646-5.646a.999.999 0 1 0-1.414-1.414Z"
                    />
                  </svg>
                </svg>
              </span>
            </div>
          </button>
        </th>
      </tr>
    </thead>
    <tbody
      class="pf-v6-c-table__tbody"
      role="rowgroup"
    >
      <tr
        class="pf-v6-c-table__tr"
        data-ouia-component-id="OUIA-Generated-TableRow-49"
        data-ouia-component-type="PF6/TableRow"
        data-ouia-safe="true"
      >
        <td
          class="pf-v6-c-table__td pf-v6-c-table__toggle"
          tabindex="-1"
        >
          <button
            aria-expanded="false"
            aria-label="Details"
            aria-labelledby="simple-node0 expandable-event-type-row-00"
            class="pf-v6-c-button pf-m-plain pf-m-small"
            data-ouia-component-id="OUIA-Generated-Button-plain-50"
            data-ouia-component-type="PF6/Button"
            data-ouia-safe="true"
            id="expandable-event-type-row-00"
            type="button"
          >
            <span
              class="pf-v6-c-button__icon"
            >
              <div
                class="pf-v6-c-table__toggle-icon"
              >
                <svg
                  aria-hidden="true"
                  class="pf-v6-svg"
                  fill="currentColor"
                  height="1em"
                  role="img"
                  viewBox="0 0 20 20"
                  width="1em"
                >
                  <path
                    d="M18.71 5.29a.996.996 0 0 0-1.41 0l-7.29 7.29-7.3-7.29a.987.987 0 0 0-1.41-.02.987.987 0 0 0-.02 1.41l.02.02 7.65 7.65c.29.29.68.44 1.06.44s.77-.15 1.06-.44l7.65-7.65a.996.996 0 0 0 0-1.41Z"
                  />
                </svg>
              </div>
            </span>
          </button>
        </td>
        <td
          class="pf-v6-c-table__td"
          data-label="Name"
          tabindex="-1"
        >
          Some Event
        </td>
        <td
          class="pf-v6-c-table__td"
          data-label="Type ID"
          tabindex="-1"
        >
          org.some_eventId
        </td>
        <td
          class="pf-v6-c-table__td"
          data-label="Description"
          tabindex="-1"
        >
          Some Descriptions
        </td>
        <td
          class="pf-v6-c-table__td"
          data-label="Categories"
          tabindex="-1"
        >
          Category 1, Category 2
        </td>
      </tr>
      <tr
        class="pf-v6-c-table__tr pf-v6-c-table__expandable-row"
        data-ouia-component-id="OUIA-Generated-TableRow-51"
        data-ouia-component-type="PF6/TableRow"
        data-ouia-safe="true"
        hidden=""
      >
        <td
          class="pf-v6-c-table__td"
          colspan="4"
          data-label="event-details"
          tabindex="-1"
        >
          <div
            class="pf-v6-c-table__expandable-row-content"
          >
            <p
              class="pf-v6-c-content--p"
              data-ouia-component-id="OUIA-Generated-Content-52"
              data-ouia-component-type="PF6/Content"
              data-ouia-safe="true"
              data-pf-content="true"
            >
              0=[undefined]	
            </p>
          </div>
        </td>
      </tr>
    </tbody>
  </table>
</div>
`;
