// Jest Snapshot v1, https://jestjs.io/docs/snapshot-testing

exports[`<ClickableLabel /> renders correctly 1`] = `
<span
  aria-label="someLabel=someValue"
  className="pf-v5-c-label pf-m-blue"
>
  <button
    className="pf-v5-c-label__content"
    onClick={[Function]}
    type="button"
  >
    <span
      className="pf-v5-c-label__text"
      style={
        {
          "--pf-v5-c-label__text--MaxWidth": "20ch",
        }
      }
    >
      someLabel=someValue
    </span>
  </button>
</span>
`;
