// Jest Snapshot v1, https://jestjs.io/docs/snapshot-testing

exports[`<ClickableLabel /> renders correctly 1`] = `
<div>
  <span
    aria-label="someLabel=someValue"
    class="pf-v6-c-label pf-m-blue pf-m-filled pf-m-clickable"
  >
    <button
      class="pf-v6-c-label__content pf-m-clickable"
      type="button"
    >
      <span
        class="pf-v6-c-label__text"
        style="--pf-v6-c-label__text--MaxWidth: 20ch;"
      >
        someLabel=someValue
      </span>
    </button>
  </span>
</div>
`;
