// Jest Snapshot v1, https://jestjs.io/docs/snapshot-testing

exports[`<LabelCell /> renders correctly 1`] = `
<div>
  <div
    class="pf-v6-c-label-group"
  >
    <div
      class="pf-v6-c-label-group__main"
    >
      
      <ul
        aria-label="Label group category"
        class="pf-v6-c-label-group__list"
        role="list"
      >
        <li
          class="pf-v6-c-label-group__list-item"
        >
          <span
            aria-label="someLabel=someValue"
            class="pf-v6-c-label pf-m-filled pf-m-clickable"
          >
            <button
              class="pf-v6-c-label__content pf-m-clickable"
              type="button"
            >
              <span
                class="pf-v6-c-label__text"
                style="--pf-v6-c-label__text--MaxWidth: 20ch;"
              >
                someLabel=someValue
              </span>
            </button>
          </span>
        </li>
        <li
          class="pf-v6-c-label-group__list-item"
        >
          <span
            aria-label="anotherLabel=anotherValue"
            class="pf-v6-c-label pf-m-filled pf-m-clickable"
          >
            <button
              class="pf-v6-c-label__content pf-m-clickable"
              type="button"
            >
              <span
                class="pf-v6-c-label__text"
                style="--pf-v6-c-label__text--MaxWidth: 20ch;"
              >
                anotherLabel=anotherValue
              </span>
            </button>
          </span>
        </li>
      </ul>
    </div>
  </div>
</div>
`;
