// Jest Snapshot v1, https://goo.gl/fbAQLP

exports[`<LabelCell /> renders correctly 1`] = `
<div
  className="pf-v5-c-label-group"
>
  <div
    className="pf-v5-c-label-group__main"
  >
    
    <ul
      aria-label="Label group category"
      className="pf-v5-c-label-group__list"
      role="list"
    >
      <li
        className="pf-v5-c-label-group__list-item"
      >
        <span
          aria-label="someLabel=someValue"
          className="pf-v5-c-label"
        >
          <button
            className="pf-v5-c-label__content"
            onClick={[Function]}
            type="button"
          >
            <span
              className="pf-v5-c-label__text"
              style={
                Object {
                  "--pf-v5-c-label__text--MaxWidth": "20ch",
                }
              }
            >
              someLabel=someValue
            </span>
          </button>
        </span>
      </li>
      <li
        className="pf-v5-c-label-group__list-item"
      >
        <span
          aria-label="anotherLabel=anotherValue"
          className="pf-v5-c-label"
        >
          <button
            className="pf-v5-c-label__content"
            onClick={[Function]}
            type="button"
          >
            <span
              className="pf-v5-c-label__text"
              style={
                Object {
                  "--pf-v5-c-label__text--MaxWidth": "20ch",
                }
              }
            >
              anotherLabel=anotherValue
            </span>
          </button>
        </span>
      </li>
    </ul>
  </div>
</div>
`;
