// Jest Snapshot v1, https://jestjs.io/docs/snapshot-testing

exports[`<Recordings /> renders correctly 1`] = `
<div>
  <div>
    Recordings
    <div
      class="pf-v6-c-card pf-m-compact"
      data-ouia-component-id="OUIA-Generated-Card-2"
      data-ouia-component-type="PF6/Card"
      data-ouia-safe="true"
      id=""
    >
      <div
        class="pf-v6-c-card__body"
      >
        <div>
          Active Recordings Table
        </div>
      </div>
    </div>
  </div>
</div>
`;
