// Jest Snapshot v1, https://goo.gl/fbAQLP

exports[`<Recordings /> renders correctly 1`] = `
<div>
  Recordings
  <article
    className="pf-c-card"
    data-ouia-component-id="OUIA-Generated-Card-5"
    data-ouia-component-type="PF4/Card"
    data-ouia-safe={true}
    id=""
  >
    <div
      className="pf-c-card__body"
    >
      <div
        className="pf-c-card__title"
      >
        Active Recordings
      </div>
      <div>
        Active Recordings Table
      </div>
    </div>
  </article>
</div>
`;
