// Jest Snapshot v1, https://jestjs.io/docs/snapshot-testing

exports[`<TargetAnalysis /> renders correctly 1`] = `
<div>
  <div
    class="pf-v6-l-stack pf-m-gutter"
  >
    <div
      class="pf-v6-l-stack__item"
    >
      <div
        style="display: contents;"
      >
        <p
          class="pf-v6-c-content--p"
          data-ouia-component-id="OUIA-Generated-Content-2"
          data-ouia-component-type="PF6/Content"
          data-ouia-safe="true"
          data-pf-content="true"
        >
          Last update: Wednesday, April 9, 2025 3:40 PM
        </p>
      </div>
    </div>
    <div
      class="pf-v6-l-stack__item"
    >
      <div
        aria-label="Automated analysis toolbar"
        class="pf-v6-c-toolbar pf-m-full-height"
        data-ouia-component-id="OUIA-Generated-Toolbar-1"
        data-ouia-component-type="PF6/Toolbar"
        data-ouia-safe="true"
        id="automated-analysis-toolbar"
      >
        <div
          class="pf-v6-c-toolbar__content"
        >
          <div
            class="pf-v6-c-toolbar__content-section"
          >
            <div>
              AutomatedAnalysisFilters
            </div>
            <div
              class="pf-v6-c-toolbar__item"
            >
              <div
                class="pf-v6-c-check"
              >
                <input
                  aria-invalid="false"
                  class="pf-v6-c-check__input"
                  data-ouia-component-id="OUIA-Generated-Checkbox-1"
                  data-ouia-component-type="PF6/Checkbox"
                  data-ouia-safe="true"
                  id="show-na-scores"
                  name="show-na-scores"
                  style="align-self: center;"
                  type="checkbox"
                />
                <label
                  class="pf-v6-c-check__label"
                  for="show-na-scores"
                >
                  Show N/A scores
                </label>
              </div>
            </div>
            <hr
              class="pf-v6-c-divider pf-m-vertical"
            />
            <div
              class="pf-v6-c-toolbar__item"
            >
              <div
                class="pf-v6-c-toggle-group"
                role="group"
              >
                <div
                  class="pf-v6-c-toggle-group__item"
                >
                  <button
                    aria-label="grid-view"
                    aria-pressed="true"
                    class="pf-v6-c-toggle-group__button pf-m-selected"
                    id="grid-view-btn"
                    type="button"
                  >
                    <span
                      class="pf-v6-c-toggle-group__text"
                    >
                      Grid view
                    </span>
                  </button>
                </div>
                <div
                  class="pf-v6-c-toggle-group__item"
                >
                  <button
                    aria-label="list-view"
                    aria-pressed="false"
                    class="pf-v6-c-toggle-group__button"
                    id="list-view-btn"
                    type="button"
                  >
                    <span
                      class="pf-v6-c-toggle-group__text"
                    >
                      List view
                    </span>
                  </button>
                </div>
              </div>
            </div>
          </div>
        </div>
        <div
          class="pf-v6-c-toolbar__content pf-m-hidden"
          hidden=""
        >
          <div
            class="pf-v6-c-toolbar__group"
          />
        </div>
      </div>
    </div>
    <div
      class="pf-v6-l-stack__item"
    >
      <div
        style="display: contents;"
      >
        <small
          class="pf-v6-c-content--small"
          data-ouia-component-id="OUIA-Generated-Content-3"
          data-ouia-component-type="PF6/Content"
          data-ouia-safe="true"
          data-pf-content="true"
        >
          Only showing analysis results with severity scores ≥ 0:
        </small>
      </div>
      <div
        class="pf-v6-c-slider automated-analysis-score-filter-slider automated-analysis-score-filter-slider-ok"
        style="--pf-v6-c-slider--value: 0%; --pf-v6-c-slider__value--c-form-control--width-chars: 1;"
      >
        <div
          class="pf-v6-c-slider__actions"
        >
          <div
            class="pf-v6-l-level pf-m-gutter"
          >
            <div>
              <small
                class="pf-v6-c-content--small"
                data-ouia-component-id="OUIA-Generated-Content-4"
                data-ouia-component-type="PF6/Content"
                data-ouia-safe="true"
                data-pf-content="true"
              >
                Reset
                :
              </small>
            </div>
            <div>
              <button
                aria-label="Reset score to 0"
                class="pf-v6-c-button pf-m-link pf-m-inline pf-m-small"
                data-ouia-component-id="OUIA-Generated-Button-link-1"
                data-ouia-component-type="PF6/Button"
                data-ouia-safe="true"
                type="button"
              >
                <span
                  class="pf-v6-c-button__text"
                >
                  0
                </span>
              </button>
            </div>
            <div>
              <button
                aria-label="Reset score to 100"
                class="pf-v6-c-button pf-m-link pf-m-inline pf-m-small"
                data-ouia-component-id="OUIA-Generated-Button-link-2"
                data-ouia-component-type="PF6/Button"
                data-ouia-safe="true"
                type="button"
              >
                <span
                  class="pf-v6-c-button__text"
                >
                  100
                </span>
              </button>
            </div>
          </div>
        </div>
        <div
          class="pf-v6-c-slider__main"
        >
          <div
            class="pf-v6-c-slider__rail"
          >
            <div
              class="pf-v6-c-slider__rail-track"
            />
          </div>
          <div
            aria-hidden="true"
            class="pf-v6-c-slider__steps"
          >
            <div
              class="pf-v6-c-slider__step pf-m-active"
              style="--pf-v6-c-slider__step--InsetInlineStart: 0%;"
            >
              <div
                class="pf-v6-c-slider__step-tick"
              />
              <div
                class="pf-v6-c-slider__step-label"
              >
                0
              </div>
            </div>
            <div
              class="pf-v6-c-slider__step"
              style="--pf-v6-c-slider__step--InsetInlineStart: 12.5%;"
            >
              <div
                class="pf-v6-c-slider__step-tick"
              />
              <div
                class="pf-v6-c-slider__step-label"
              >
                OK
              </div>
            </div>
            <div
              class="pf-v6-c-slider__step"
              style="--pf-v6-c-slider__step--InsetInlineStart: 25%;"
            >
              <div
                class="pf-v6-c-slider__step-tick"
              />
              <div
                class="pf-v6-c-slider__step-label"
              >
                25
              </div>
            </div>
            <div
              class="pf-v6-c-slider__step"
              style="--pf-v6-c-slider__step--InsetInlineStart: 50%;"
            >
              <div
                class="pf-v6-c-slider__step-tick"
              />
              <div
                class="pf-v6-c-slider__step-label"
              >
                WARNING
              </div>
            </div>
            <div
              class="pf-v6-c-slider__step"
              style="--pf-v6-c-slider__step--InsetInlineStart: 75%;"
            >
              <div
                class="pf-v6-c-slider__step-tick"
              />
              <div
                class="pf-v6-c-slider__step-label"
              >
                75
              </div>
            </div>
            <div
              class="pf-v6-c-slider__step"
              style="--pf-v6-c-slider__step--InsetInlineStart: 87.5%;"
            >
              <div
                class="pf-v6-c-slider__step-tick"
              />
              <div
                class="pf-v6-c-slider__step-label"
              >
                CRITICAL
              </div>
            </div>
            <div
              class="pf-v6-c-slider__step"
              style="--pf-v6-c-slider__step--InsetInlineStart: 100%;"
            >
              <div
                class="pf-v6-c-slider__step-tick"
              />
              <div
                class="pf-v6-c-slider__step-label"
              >
                100
              </div>
            </div>
          </div>
          <div
            aria-disabled="false"
            aria-label="Value"
            aria-valuemax="100"
            aria-valuemin="0"
            aria-valuenow="0"
            aria-valuetext="0"
            class="pf-v6-c-slider__thumb"
            role="slider"
            tabindex="0"
          />
        </div>
        <div
          class="pf-v6-c-slider__value"
        >
          <div
            class="pf-v6-c-input-group"
          >
            <div
              class="pf-v6-c-input-group__item pf-m-fill"
            >
              <span
                class="pf-v6-c-form-control"
              >
                <input
                  aria-invalid="false"
                  aria-label="Slider value input"
                  data-ouia-component-id="OUIA-Generated-TextInputBase-1"
                  data-ouia-component-type="PF6/TextInput"
                  data-ouia-safe="true"
                  type="number"
                  value="0"
                />
              </span>
            </div>
            <div
              class="pf-v6-c-input-group__item pf-m-box"
            >
              <span
                class="pf-v6-c-input-group__text"
              >
                Score
              </span>
            </div>
          </div>
        </div>
      </div>
    </div>
    <div
      class="pf-v6-l-stack__item pf-m-fill"
    >
      <div
        class="pf-v6-l-grid"
      >
        <div
          class="pf-v6-l-grid__item pf-m-3-col automated-analysis-grid-item"
        >
          <div
            class="pf-v6-c-label-group automated-analysis-topic-label-groups pf-m-category pf-m-vertical"
          >
            <div
              class="pf-v6-c-label-group__main"
            >
              <span
                aria-hidden="true"
                class="pf-v6-c-label-group__label"
                id="pf-random-id-0"
              >
                testsuite
              </span>
              <ul
                aria-labelledby="pf-random-id-0"
                class="pf-v6-c-label-group__list"
                role="list"
              >
                <li
                  class="pf-v6-c-label-group__list-item"
                >
                  <div>
                    ClickableAutomatedAnalysisLabel
                  </div>
                </li>
              </ul>
            </div>
          </div>
        </div>
      </div>
    </div>
  </div>
</div>
`;
